MCU CH53X ASSEMBLER:  WASM53B Ver 3.1
Copyright (C) wch.cn 1998-2021, B211121
Website:   http://wch.cn

List file: PIOC_Single_Wire.LST
Date: 2023.11.15  Time: 13:41:05

Pass1 -------------------------------------------------------------------------
LINE ,  PC ,  CODE/DATA: SOURCE
INCLUDE    PIOC_INC.ASM
## return from nesting file

Pass2 -------------------------------------------------------------------------
LINE ,  PC ,  CODE/DATA: SOURCE
L=0001, ......, D=0000 : ;
L=0002, NEST_INCLUDE=1 : INCLUDE				PIOC_INC.ASM
L=0001, ......, D=0000 : ; include file for PIOC/eMCU, V1.0
L=0002, ......, D=0000 : ; by W.ch @2022.08
L=0003, ......, D=0000 : ; http://wch.cn  http://winchiphead.com
L=0004, ......, D=0000 : ;
L=0005, ......, D=0000 : 
L=0006, ......, D=0000 : ; define SFR register
L=0007, ......, D=0000 : SFR_INDIR_PORT      EQU   0x00
L=0008, ......, D=0001 : SFR_INDIR_PORT2     EQU   0x01
L=0009, ......, D=0002 : SFR_PRG_COUNT       EQU   0x02
L=0010, ......, D=0003 : SFR_STATUS_REG      EQU   0x03
L=0011, ......, D=0004 : SFR_INDIR_ADDR      EQU   0x04
L=0012, ......, D=0005 : SFR_TMR0_COUNT      EQU   0x05
L=0013, ......, D=0006 : SFR_TIMER_CTRL      EQU   0x06
L=0014, ......, D=0007 : SFR_TMR0_INIT       EQU   0x07
L=0015, ......, D=0008 : SFR_BIT_CYCLE       EQU   0x08
L=0016, ......, D=0009 : SFR_INDIR_ADDR2     EQU   0x09
L=0017, ......, D=000A : SFR_PORT_DIR        EQU   0x0A
L=0018, ......, D=000B : SFR_PORT_IO         EQU   0x0B
L=0019, ......, D=000C : SFR_BIT_CONFIG      EQU   0x0C
L=0020, ......, D=001C : SFR_SYS_CFG         EQU   0x1C
L=0021, ......, D=001D : SFR_CTRL_RD         EQU   0x1D
L=0022, ......, D=001E : SFR_CTRL_WR         EQU   0x1E
L=0023, ......, D=001F : SFR_DATA_EXCH       EQU   0x1F
L=0024, ......, D=0020 : SFR_DATA_REG0       EQU   0x20
L=0025, ......, D=0021 : SFR_DATA_REG1       EQU   0x21
L=0026, ......, D=0022 : SFR_DATA_REG2       EQU   0x22
L=0027, ......, D=0023 : SFR_DATA_REG3       EQU   0x23
L=0028, ......, D=0024 : SFR_DATA_REG4       EQU   0x24
L=0029, ......, D=0025 : SFR_DATA_REG5       EQU   0x25
L=0030, ......, D=0026 : SFR_DATA_REG6       EQU   0x26
L=0031, ......, D=0027 : SFR_DATA_REG7       EQU   0x27
L=0032, ......, D=0028 : SFR_DATA_REG8       EQU   0x28
L=0033, ......, D=0029 : SFR_DATA_REG9       EQU   0x29
L=0034, ......, D=002A : SFR_DATA_REG10      EQU   0x2A
L=0035, ......, D=002B : SFR_DATA_REG11      EQU   0x2B
L=0036, ......, D=002C : SFR_DATA_REG12      EQU   0x2C
L=0037, ......, D=002D : SFR_DATA_REG13      EQU   0x2D
L=0038, ......, D=002E : SFR_DATA_REG14      EQU   0x2E
L=0039, ......, D=002F : SFR_DATA_REG15      EQU   0x2F
L=0040, ......, D=0030 : SFR_DATA_REG16      EQU   0x30
L=0041, ......, D=0031 : SFR_DATA_REG17      EQU   0x31
L=0042, ......, D=0032 : SFR_DATA_REG18      EQU   0x32
L=0043, ......, D=0033 : SFR_DATA_REG19      EQU   0x33
L=0044, ......, D=0034 : SFR_DATA_REG20      EQU   0x34
L=0045, ......, D=0035 : SFR_DATA_REG21      EQU   0x35
L=0046, ......, D=0036 : SFR_DATA_REG22      EQU   0x36
L=0047, ......, D=0037 : SFR_DATA_REG23      EQU   0x37
L=0048, ......, D=0038 : SFR_DATA_REG24      EQU   0x38
L=0049, ......, D=0039 : SFR_DATA_REG25      EQU   0x39
L=0050, ......, D=003A : SFR_DATA_REG26      EQU   0x3A
L=0051, ......, D=003B : SFR_DATA_REG27      EQU   0x3B
L=0052, ......, D=003C : SFR_DATA_REG28      EQU   0x3C
L=0053, ......, D=003D : SFR_DATA_REG29      EQU   0x3D
L=0054, ......, D=003E : SFR_DATA_REG30      EQU   0x3E
L=0055, ......, D=003F : SFR_DATA_REG31      EQU   0x3F
L=0056, ......, D=0000 : 
L=0057, ......, D=0000 : ; define bit for SFR_STATUS_REG
L=0058, ......, D=0005 : SB_EN_TOUT_RST      EQU   5
L=0059, ......, D=0004 : SB_STACK_USED       EQU   4
L=0060, ......, D=0003 : SB_GP_BIT_Y         EQU   3
L=0061, ......, D=0002 : SB_FLAG_Z           EQU   2
L=0062, ......, D=0001 : SB_GP_BIT_X         EQU   1
L=0063, ......, D=0000 : SB_FLAG_C           EQU   0
L=0064, ......, D=0000 : 
L=0065, ......, D=0000 : ; define bit for SFR_TIMER_CTRL
L=0066, ......, D=0007 : SB_EN_LEVEL1        EQU   7
L=0067, ......, D=0006 : SB_EN_LEVEL0        EQU   6
L=0068, ......, D=0005 : SB_TMR0_ENABLE      EQU   5
L=0069, ......, D=0004 : SB_TMR0_OUT_EN      EQU   4
L=0070, ......, D=0003 : SB_TMR0_MODE        EQU   3
L=0071, ......, D=0002 : SB_TMR0_FREQ2       EQU   2
L=0072, ......, D=0001 : SB_TMR0_FREQ1       EQU   1
L=0073, ......, D=0000 : SB_TMR0_FREQ0       EQU   0
L=0074, ......, D=0000 : 
L=0075, ......, D=0000 : ; define bit for SFR_BIT_CYCLE
L=0076, ......, D=0007 : SB_BIT_TX_O0        EQU   7
L=0077, ......, D=0006 : SB_BIT_CYCLE_6      EQU   6
L=0078, ......, D=0005 : SB_BIT_CYCLE_5      EQU   5
L=0079, ......, D=0004 : SB_BIT_CYCLE_4      EQU   4
L=0080, ......, D=0003 : SB_BIT_CYCLE_3      EQU   3
L=0081, ......, D=0002 : SB_BIT_CYCLE_2      EQU   2
L=0082, ......, D=0001 : SB_BIT_CYCLE_1      EQU   1
L=0083, ......, D=0000 : SB_BIT_CYCLE_0      EQU   0
L=0084, ......, D=0000 : 
L=0085, ......, D=0000 : ; define bit for SFR_PORT_DIR
L=0086, ......, D=0007 : SB_PORT_MOD3        EQU   7
L=0087, ......, D=0006 : SB_PORT_MOD2        EQU   6
L=0088, ......, D=0005 : SB_PORT_MOD1        EQU   5
L=0089, ......, D=0004 : SB_PORT_MOD0        EQU   4
L=0090, ......, D=0003 : SB_PORT_PU1         EQU   3
L=0091, ......, D=0002 : SB_PORT_PU0         EQU   2
L=0092, ......, D=0001 : SB_PORT_DIR1        EQU   1
L=0093, ......, D=0000 : SB_PORT_DIR0        EQU   0
L=0094, ......, D=0000 : 
L=0095, ......, D=0000 : ; define bit for SFR_PORT_IO
L=0096, ......, D=0007 : SB_PORT_IN_XOR      EQU   7
L=0097, ......, D=0006 : SB_BIT_RX_I0        EQU   6
L=0098, ......, D=0005 : SB_PORT_IN1         EQU   5
L=0099, ......, D=0004 : SB_PORT_IN0         EQU   4
L=0100, ......, D=0003 : SB_PORT_XOR1        EQU   3
L=0101, ......, D=0002 : SB_PORT_XOR0        EQU   2
L=0102, ......, D=0001 : SB_PORT_OUT1        EQU   1
L=0103, ......, D=0000 : SB_PORT_OUT0        EQU   0
L=0104, ......, D=0000 : 
L=0105, ......, D=0000 : ; define bit for SFR_BIT_CONFIG
L=0106, ......, D=0007 : SB_BIT_TX_EN        EQU   7
L=0107, ......, D=0006 : SB_BIT_CODE_MOD     EQU   6
L=0108, ......, D=0005 : SB_PORT_IN_EDGE     EQU   5
L=0109, ......, D=0004 : SB_BIT_CYC_TAIL     EQU   4
L=0110, ......, D=0003 : SB_BIT_CYC_CNT6     EQU   3
L=0111, ......, D=0002 : SB_BIT_CYC_CNT5     EQU   2
L=0112, ......, D=0001 : SB_BIT_CYC_CNT4     EQU   1
L=0113, ......, D=0000 : SB_BIT_CYC_CNT3     EQU   0
L=0114, ......, D=0000 : 
L=0115, ......, D=0000 : ; define bit for SFR_SYS_CFG
L=0116, ......, D=0007 : SB_INT_REQ          EQU   7
L=0117, ......, D=0006 : SB_DATA_SW_MR       EQU   6
L=0118, ......, D=0005 : SB_DATA_MW_SR       EQU   5
L=0119, ......, D=0004 : SB_MST_CFG_B4       EQU   4
L=0120, ......, D=0003 : SB_MST_IO_EN1       EQU   3
L=0121, ......, D=0002 : SB_MST_IO_EN0       EQU   2
L=0122, ......, D=0001 : SB_MST_RESET        EQU   1
L=0123, ......, D=0000 : SB_MST_CLK_GATE     EQU   0
L=0124, ......, D=0000 : 
L=0125, ......, D=0000 : ; define inform for BCTC instruction
L=0126, ......, D=0000 : BI_C_XOR_IN0        EQU   0
L=0127, ......, D=0000 : 
L=0128, ......, D=0000 : ; define inform for BP1F/BP2F/BG1F/BG2F instruction
L=0129, ......, D=0000 : BIO_FLAG_C          EQU   0
L=0130, ......, D=0000 : 
L=0131, ......, D=0000 : ; define inform for BCTC/BG1F/BG2F instruction
L=0132, ......, D=0001 : BI_BIT_RX_I0        EQU   1
L=0133, ......, D=0002 : BI_PORT_IN0         EQU   2
L=0134, ......, D=0003 : BI_PORT_IN1         EQU   3
L=0135, ......, D=0000 : 
L=0136, ......, D=0000 : ; define inform for BP1F/BP2F instruction
L=0137, ......, D=0001 : BO_BIT_TX_O0        EQU   1
L=0138, ......, D=0002 : BO_PORT_OUT0        EQU   2
L=0139, ......, D=0003 : BO_PORT_OUT1        EQU   3
L=0140, ......, D=0000 : 
L=0141, ......, D=0000 : ; define inform for WAITB instruction
L=0142, ......, D=0000 : WB_DATA_SW_MR_0     EQU   0
L=0143, ......, D=0001 : WB_BIT_CYC_TAIL_1   EQU   1
L=0144, ......, D=0002 : WB_PORT_I0_FALL     EQU   2
L=0145, ......, D=0003 : WB_PORT_I0_RISE     EQU   3
L=0146, ......, D=0004 : WB_DATA_MW_SR_1     EQU   4
L=0147, ......, D=0005 : WB_PORT_XOR1_1      EQU   5
L=0148, ......, D=0006 : WB_PORT_XOR0_0      EQU   6
L=0149, ......, D=0007 : WB_PORT_XOR0_1      EQU   7
## return from nesting file
L=0003, ......, D=0000 : ;
L=0004, ......, D=0000 : ;
L=0005, P=0000, ...... : 					ORG   0X0000
L=0006, P=0000, C=0000 : 					DW    0X0000
L=0007, P=0001, C=60F4 : 					JMP   MCU_START
L=0008, P=0002, C=0FFF : 					DW    0X0FFF
L=0009, ......, D=0000 : ;
L=0010, ......, D=0000 : 
L=0011, ......, D=0020 : FLAG			    EQU   SFR_DATA_REG0
L=0012, ......, D=0021 : VAR			    	EQU   SFR_DATA_REG1
L=0013, ......, D=0022 : EVEN			    EQU   SFR_DATA_REG2
L=0014, ......, D=0023 : ADDR			    EQU   SFR_DATA_REG3
L=0015, ......, D=0027 : DATA			    EQU   SFR_DATA_REG7
L=0016, ......, D=0000 : 
L=0017, ......, D=0000 : 
L=0018, P=0003, C=0004 : TIM_INIT:			CLRA
L=0019, P=0004, C=1007 : 					MOVA  SFR_TMR0_INIT
L=0020, P=0005, C=2803 : 					MOVL  0X03
L=0021, P=0006, C=0920 : 					AND   FLAG,A
L=0022, P=0007, C=2B07 : 					XORL  0X07
L=0023, P=0008, C=1006 : 					MOVA  SFR_TIMER_CTRL
L=0024, P=0009, C=0030 : 					RET
L=0025, ......, D=0000 : 
L=0026, P=000A, C=0000 : CLK_10:				NOP
L=0027, P=000B, C=0000 : 					NOP
L=0028, P=000C, C=0000 : 					NOP
L=0029, P=000D, C=0000 : 					NOP
L=0030, P=000E, C=0000 : 					NOP
L=0031, P=000F, C=0000 : 					NOP
L=0032, P=0010, C=0030 : 					RET
L=0033, ......, D=0000 : ;
L=0034, P=0011, C=700A : DELAY_US:			CALL  CLK_10
L=0035, P=0012, C=0000 : 					NOP
L=0036, P=0013, C=700A : 					CALL  CLK_10
L=0037, P=0014, C=0000 : 					NOP
L=0038, P=0015, C=700A : 					CALL  CLK_10
L=0039, P=0016, C=0000 : 					NOP
L=0040, P=0017, C=700A : 					CALL  CLK_10
L=0041, P=0018, C=0000 : 					NOP
L=0042, P=0019, C=2CFF : 					ADDL  0XFF
L=0043, P=001A, C=0000 : 					NOP
L=0044, P=001B, C=3011 : 					JNZ   DELAY_US
L=0045, P=001C, C=0030 : 					RET
L=0046, ......, D=0000 : 
L=0047, ......, D=0000 : 
L=0048, P=001D, C=0000 : CLK_6:				NOP
L=0049, P=001E, C=0000 : 					NOP
L=0050, P=001F, C=0030 : 					RET
L=0051, ......, D=0000 : 
L=0052, P=0020, C=701D : DELAY_7T:			CALL  CLK_6
L=0053, P=0021, C=701D : 					CALL  CLK_6
L=0054, P=0022, C=701D : DELAY_5T:			CALL  CLK_6
L=0055, P=0023, C=701D : 					CALL  CLK_6
L=0056, P=0024, C=701D : DELAY_3T:			CALL  CLK_6
L=0057, P=0025, C=701D : 					CALL  CLK_6
L=0058, P=0026, C=0000 : 					NOP
L=0059, P=0027, C=0000 : 					NOP
L=0060, P=0028, C=0030 : 					RET
L=0061, ......, D=0000 : 
L=0062, P=0029, C=5120 : DELAY_1T_4T:		BTSC  FLAG,1
L=0063, P=002A, C=7024 : 					CALL  DELAY_3T
L=0064, P=002B, C=0030 : 					RET
L=0065, ......, D=0000 : 
L=0066, P=002C, C=5120 : DELAY_1T_8T:		BTSC  FLAG,1
L=0067, P=002D, C=7020 : 					CALL  DELAY_7T
L=0068, P=002E, C=0030 : 					RET
L=0069, ......, D=0000 : 
L=0070, P=002F, C=5020 : DELAY:				BTSC  FLAG,0
L=0071, P=0030, C=702C : 					CALL  DELAY_1T_8T
L=0072, P=0031, C=5120 : 					BTSC  FLAG,1
L=0073, P=0032, C=7022 : 					CALL  DELAY_5T
L=0074, P=0033, C=701D : 					CALL  CLK_6
L=0075, P=0034, C=701D : 					CALL  CLK_6
L=0076, P=0035, C=0000 : 					NOP
L=0077, P=0036, C=0000 : 					NOP
L=0078, P=0037, C=0000 : 					NOP
L=0079, P=0038, C=0000 : 					NOP
L=0080, P=0039, C=0030 : 					RET
L=0081, ......, D=0000 : 
L=0082, P=003A, C=400B : BIT:           		BC    SFR_PORT_IO,SB_PORT_OUT0
L=0083, P=003B, C=5020 : 					BTSC  FLAG,0
L=0084, P=003C, C=7029 : 					CALL  DELAY_1T_4T
L=0085, P=003D, C=5120 : 					BTSC  FLAG,1
L=0086, P=003E, C=7024 : 					CALL  DELAY_3T
L=0087, P=003F, C=5903 : 					BTSS  SFR_STATUS_REG,SB_GP_BIT_X
L=0088, P=0040, C=702F : 					CALL  DELAY
L=0089, P=0041, C=0000 : 					NOP
L=0090, P=0042, C=480B : 	                BS    SFR_PORT_IO,SB_PORT_OUT0
L=0091, P=0043, C=701D : 					CALL  CLK_6
L=0092, P=0044, C=701D : 					CALL  CLK_6
L=0093, P=0045, C=701D : 					CALL  CLK_6
L=0094, P=0046, C=5103 : 					BTSC  SFR_STATUS_REG,SB_GP_BIT_X
L=0095, P=0047, C=1422 : 					INC   EVEN
L=0096, P=0048, C=4103 : 					BC    SFR_STATUS_REG,SB_GP_BIT_X
L=0097, P=0049, C=0030 : 					RET	
L=0098, ......, D=0000 : 
L=0099, P=004A, C=0105 : BIT1:           	CLR   SFR_TMR0_COUNT
L=0100, P=004B, C=400B : 					BC    SFR_PORT_IO,SB_PORT_OUT0
L=0101, P=004C, C=480A : 					BS    SFR_PORT_DIR,SB_PORT_DIR0
L=0102, P=004D, C=4D06 : 					BS    SFR_TIMER_CTRL,SB_TMR0_ENABLE
L=0103, P=004E, C=5020 : 					BTSC  FLAG,0
L=0104, P=004F, C=7029 : 					CALL  DELAY_1T_4T
L=0105, P=0050, C=5120 : 					BTSC  FLAG,1
L=0106, P=0051, C=7024 : 					CALL  DELAY_3T
L=0107, P=0052, C=4103 : 					BC    SFR_STATUS_REG,SB_GP_BIT_X
L=0108, P=0053, C=2803 : 					MOVL  0X03
L=0109, P=0054, C=400A : 					BC    SFR_PORT_DIR,SB_PORT_DIR0
L=0110, P=0055, C=0017 : 					WAITB WB_PORT_XOR0_1
L=0111, P=0056, C=4506 : 					BC    SFR_TIMER_CTRL,SB_TMR0_ENABLE
L=0112, P=0057, C=280C : 					MOVL  0X0C
L=0113, P=0058, C=0D05 : 					SUB   SFR_TMR0_COUNT,A
L=0114, P=0059, C=5203 : 					BTSC  SFR_STATUS_REG,SB_FLAG_Z
L=0115, P=005A, C=4903 : 					BS    SFR_STATUS_REG,SB_GP_BIT_X
L=0116, P=005B, C=5003 : 					BTSC  SFR_STATUS_REG,SB_FLAG_C
L=0117, P=005C, C=4903 : 					BS    SFR_STATUS_REG,SB_GP_BIT_X
L=0118, P=005D, C=5103 : 					BTSC  SFR_STATUS_REG,SB_GP_BIT_X
L=0119, P=005E, C=1422 : 					INC   EVEN
L=0120, P=005F, C=701D : 					CALL  CLK_6
L=0121, P=0060, C=0030 : 					RET
L=0122, ......, D=0000 : 
L=0123, P=0061, C=0014 : NEW_WRITE:			WAITB  WB_DATA_MW_SR_1
L=0124, P=0062, C=021E : 					MOV   SFR_CTRL_WR,A
L=0125, P=0063, C=7003 : 					CALL  TIM_INIT
L=0126, P=0064, C=0122 : 					CLR   EVEN
L=0127, P=0065, C=4103 : 					BC    SFR_STATUS_REG,SB_GP_BIT_X
L=0128, P=0066, C=480A : 					BS    SFR_PORT_DIR,SB_PORT_DIR0
L=0129, P=0067, C=2804 : 					MOVL  0X04
L=0130, P=0068, C=1021 : 					MOVA  VAR
L=0131, ......, D=0000 : 					;MOVIA DATA
L=0132, P=0069, C=5220 : 					BTSC  FLAG,2
L=0133, P=006A, C=4903 : 					BS    SFR_STATUS_REG,SB_GP_BIT_X	;START
L=0134, P=006B, C=703A : 					CALL  BIT
L=0135, P=006C, C=5A20 : 					BTSS  FLAG,2
L=0136, P=006D, C=6088 : 					JMP   W_R_DATA
L=0137, ......, D=0000 : 					;MOV   SFR_INDIR_PORT2,A				;ADDR
L=0138, P=006E, C=0223 : 					MOV   ADDR,A
L=0139, P=006F, C=101F : 					MOVA  SFR_DATA_EXCH
L=0140, P=0070, C=561F : 					BTSC  SFR_DATA_EXCH,6
L=0141, P=0071, C=4903 : 					BS    SFR_STATUS_REG,SB_GP_BIT_X	
L=0142, P=0072, C=703A : 					CALL  BIT
L=0143, P=0073, C=551F : 					BTSC  SFR_DATA_EXCH,5
L=0144, P=0074, C=4903 : 					BS    SFR_STATUS_REG,SB_GP_BIT_X
L=0145, P=0075, C=703A : 					CALL  BIT
L=0146, P=0076, C=541F : 					BTSC  SFR_DATA_EXCH,4
L=0147, P=0077, C=4903 : 					BS    SFR_STATUS_REG,SB_GP_BIT_X
L=0148, P=0078, C=703A : 					CALL  BIT
L=0149, P=0079, C=531F : 					BTSC  SFR_DATA_EXCH,3
L=0150, P=007A, C=4903 : 					BS    SFR_STATUS_REG,SB_GP_BIT_X
L=0151, P=007B, C=703A : 					CALL  BIT
L=0152, P=007C, C=521F : 					BTSC  SFR_DATA_EXCH,2
L=0153, P=007D, C=4903 : 					BS    SFR_STATUS_REG,SB_GP_BIT_X
L=0154, P=007E, C=703A : 					CALL  BIT
L=0155, P=007F, C=511F : 					BTSC  SFR_DATA_EXCH,1
L=0156, P=0080, C=4903 : 					BS    SFR_STATUS_REG,SB_GP_BIT_X
L=0157, P=0081, C=703A : 					CALL  BIT
L=0158, P=0082, C=501F : 					BTSC  SFR_DATA_EXCH,0
L=0159, P=0083, C=4903 : 					BS    SFR_STATUS_REG,SB_GP_BIT_X
L=0160, P=0084, C=703A : 					CALL  BIT
L=0161, P=0085, C=5320 : 					BTSC  FLAG,3
L=0162, P=0086, C=4903 : 					BS    SFR_STATUS_REG,SB_GP_BIT_X	;WRITE
L=0163, P=0087, C=703A : 					CALL  BIT	
L=0164, P=0088, C=2227 : W_R_DATA:			MOVIP DATA
L=0165, P=0089, C=5B20 : 					BTSS  FLAG,3
L=0166, P=008A, C=60AD : 					JMP   READ_DATA				
L=0167, P=008B, C=0200 : WRITE_DATA:			MOV   SFR_INDIR_PORT,A
L=0168, ......, D=0000 : 					;MOV   SFR_INDIR_PORT2,A				;32_DATA
L=0169, P=008C, C=101F : 					MOVA  SFR_DATA_EXCH
L=0170, P=008D, C=571F : 					BTSC  SFR_DATA_EXCH,7
L=0171, P=008E, C=4903 : 					BS    SFR_STATUS_REG,SB_GP_BIT_X	
L=0172, P=008F, C=703A : 					CALL  BIT
L=0173, P=0090, C=561F : 					BTSC  SFR_DATA_EXCH,6
L=0174, P=0091, C=4903 : 					BS    SFR_STATUS_REG,SB_GP_BIT_X	
L=0175, P=0092, C=703A : 					CALL  BIT
L=0176, P=0093, C=551F : 					BTSC  SFR_DATA_EXCH,5
L=0177, P=0094, C=4903 : 					BS    SFR_STATUS_REG,SB_GP_BIT_X
L=0178, P=0095, C=703A : 					CALL  BIT
L=0179, P=0096, C=541F : 					BTSC  SFR_DATA_EXCH,4
L=0180, P=0097, C=4903 : 					BS    SFR_STATUS_REG,SB_GP_BIT_X
L=0181, P=0098, C=703A : 					CALL  BIT
L=0182, P=0099, C=531F : 					BTSC  SFR_DATA_EXCH,3
L=0183, P=009A, C=4903 : 					BS    SFR_STATUS_REG,SB_GP_BIT_X
L=0184, P=009B, C=703A : 					CALL  BIT
L=0185, P=009C, C=521F : 					BTSC  SFR_DATA_EXCH,2
L=0186, P=009D, C=4903 : 					BS    SFR_STATUS_REG,SB_GP_BIT_X
L=0187, P=009E, C=703A : 					CALL  BIT
L=0188, P=009F, C=511F : 					BTSC  SFR_DATA_EXCH,1
L=0189, P=00A0, C=4903 : 					BS    SFR_STATUS_REG,SB_GP_BIT_X
L=0190, P=00A1, C=703A : 					CALL  BIT
L=0191, P=00A2, C=501F : 					BTSC  SFR_DATA_EXCH,0
L=0192, P=00A3, C=4903 : 					BS    SFR_STATUS_REG,SB_GP_BIT_X
L=0193, P=00A4, C=703A : 					CALL  BIT
L=0194, P=00A5, C=1504 : 					DEC   SFR_INDIR_ADDR
L=0195, P=00A6, C=1521 : 					DEC   VAR
L=0196, P=00A7, C=5A03 : 					BTSS  SFR_STATUS_REG,SB_FLAG_Z
L=0197, P=00A8, C=608B : 					JMP   WRITE_DATA
L=0198, P=00A9, C=5022 : 					BTSC  EVEN,0
L=0199, P=00AA, C=4903 : 					BS    SFR_STATUS_REG,SB_GP_BIT_X
L=0200, P=00AB, C=703A : 					CALL  BIT
L=0201, P=00AC, C=60D0 : 					JMP   STOP
L=0202, P=00AD, C=011F : READ_DATA:			CLR   SFR_DATA_EXCH
L=0203, P=00AE, C=704A : 					CALL  BIT1
L=0204, P=00AF, C=5103 : 					BTSC  SFR_STATUS_REG,SB_GP_BIT_X
L=0205, P=00B0, C=4F1F : 					BS    SFR_DATA_EXCH,7
L=0206, P=00B1, C=704A : 					CALL  BIT1
L=0207, P=00B2, C=5103 : 					BTSC  SFR_STATUS_REG,SB_GP_BIT_X
L=0208, P=00B3, C=4E1F : 					BS    SFR_DATA_EXCH,6
L=0209, P=00B4, C=704A : 					CALL  BIT1
L=0210, P=00B5, C=5103 : 					BTSC  SFR_STATUS_REG,SB_GP_BIT_X
L=0211, P=00B6, C=4D1F : 					BS    SFR_DATA_EXCH,5
L=0212, P=00B7, C=704A : 					CALL  BIT1
L=0213, P=00B8, C=5103 : 					BTSC  SFR_STATUS_REG,SB_GP_BIT_X
L=0214, P=00B9, C=4C1F : 					BS    SFR_DATA_EXCH,4
L=0215, P=00BA, C=704A : 					CALL  BIT1
L=0216, P=00BB, C=5103 : 					BTSC  SFR_STATUS_REG,SB_GP_BIT_X
L=0217, P=00BC, C=4B1F : 					BS    SFR_DATA_EXCH,3
L=0218, P=00BD, C=704A : 					CALL  BIT1
L=0219, P=00BE, C=5103 : 					BTSC  SFR_STATUS_REG,SB_GP_BIT_X
L=0220, P=00BF, C=4A1F : 					BS    SFR_DATA_EXCH,2
L=0221, P=00C0, C=704A : 					CALL  BIT1
L=0222, P=00C1, C=5103 : 					BTSC  SFR_STATUS_REG,SB_GP_BIT_X
L=0223, P=00C2, C=491F : 					BS    SFR_DATA_EXCH,1
L=0224, P=00C3, C=704A : 					CALL  BIT1
L=0225, P=00C4, C=5103 : 					BTSC  SFR_STATUS_REG,SB_GP_BIT_X
L=0226, P=00C5, C=481F : 					BS    SFR_DATA_EXCH,0
L=0227, P=00C6, C=021F : 					MOV   SFR_DATA_EXCH,A
L=0228, P=00C7, C=1000 : 					MOVA  SFR_INDIR_PORT
L=0229, P=00C8, C=1504 : 					DEC   SFR_INDIR_ADDR
L=0230, ......, D=0000 : 					;MOVA  SFR_INDIR_PORT2
L=0231, P=00C9, C=4103 : 					BC    SFR_STATUS_REG,SB_GP_BIT_X
L=0232, P=00CA, C=1521 : 					DEC   VAR
L=0233, P=00CB, C=5A03 : 					BTSS  SFR_STATUS_REG,SB_FLAG_Z
L=0234, P=00CC, C=60AD : 					JMP   READ_DATA
L=0235, P=00CD, C=704A : 					CALL  BIT1
L=0236, P=00CE, C=5022 : 					BTSC  EVEN,0
L=0237, P=00CF, C=4C20 : 					BS    FLAG,4
L=0238, P=00D0, C=480A : STOP:				BS    SFR_PORT_DIR,SB_PORT_DIR0
L=0239, P=00D1, C=5620 : 					BTSC  FLAG,6
L=0240, P=00D2, C=4F1C : 					BS    SFR_SYS_CFG,SB_INT_REQ
L=0241, P=00D3, C=4D20 : 					BS    FLAG,5
L=0242, P=00D4, C=2802 : 					MOVL  0X02							;STOP
L=0243, P=00D5, C=5020 : 					BTSC  FLAG,0
L=0244, P=00D6, C=2C01 : 					ADDL  0X01
L=0245, P=00D7, C=5120 : 					BTSC  FLAG,1
L=0246, P=00D8, C=2C06 : 					ADDL  0X06
L=0247, P=00D9, C=7011 : 					CALL  DELAY_US
L=0248, P=00DA, C=6061 : 					JMP   NEW_WRITE
L=0249, ......, D=0000 : 
L=0250, P=00DB, C=480B : RES:				BS    SFR_PORT_IO,SB_PORT_OUT0
L=0251, P=00DC, C=480A : 					BS    SFR_PORT_DIR,SB_PORT_DIR0
L=0252, P=00DD, C=28FF : 					MOVL  0XFF
L=0253, P=00DE, C=7011 : 					CALL  DELAY_US
L=0254, P=00DF, C=400B : 					BC    SFR_PORT_IO,SB_PORT_OUT0
L=0255, P=00E0, C=28FF : 					MOVL  0XFF
L=0256, P=00E1, C=7011 : 					CALL  DELAY_US
L=0257, P=00E2, C=28FF : 					MOVL  0XFF
L=0258, P=00E3, C=7011 : 					CALL  DELAY_US
L=0259, P=00E4, C=28FF : 					MOVL  0XFF
L=0260, P=00E5, C=7011 : 					CALL  DELAY_US
L=0261, P=00E6, C=28FF : 					MOVL  0XFF
L=0262, P=00E7, C=7011 : 					CALL  DELAY_US
L=0263, P=00E8, C=28FF : 					MOVL  0XFF
L=0264, P=00E9, C=7011 : 					CALL  DELAY_US
L=0265, P=00EA, C=28FF : 					MOVL  0XFF
L=0266, P=00EB, C=7011 : 					CALL  DELAY_US
L=0267, P=00EC, C=28FF : 					MOVL  0XFF
L=0268, P=00ED, C=7011 : 					CALL  DELAY_US
L=0269, P=00EE, C=28CC : 					MOVL  0XCC
L=0270, P=00EF, C=7011 : 					CALL  DELAY_US
L=0271, P=00F0, C=480B : 					BS    SFR_PORT_IO,SB_PORT_OUT0
L=0272, P=00F1, C=2801 : 					MOVL  0X01
L=0273, P=00F2, C=7011 : 					CALL  DELAY_US
L=0274, P=00F3, C=0030 : 					RET
L=0275, ......, D=0000 : 
L=0276, P=00F4, C=0000 : MCU_START:			NOP
L=0277, P=00F5, C=0000 : 					NOP
L=0278, P=00F6, C=70DB : 					CALL  RES
L=0279, P=00F7, C=6061 : 					JMP   NEW_WRITE
L=0280, P=00F8, C=60F4 : 					JMP   MCU_START
L=0281, ......, D=0000 : ;
L=0282, P=00F9, .END.. : END

Label = 143 -------------------------------------------------------------------
......name....................value.....type....
.. ADDR                        .. 0023 .. normal
.. BIO_FLAG_C                  .. 0000 .. unused
.. BIT                         .. 003A .. normal
.. BIT1                        .. 004A .. normal
.. BI_BIT_RX_I0                .. 0001 .. unused
.. BI_C_XOR_IN0                .. 0000 .. unused
.. BI_PORT_IN0                 .. 0002 .. unused
.. BI_PORT_IN1                 .. 0003 .. unused
.. BO_BIT_TX_O0                .. 0001 .. unused
.. BO_PORT_OUT0                .. 0002 .. unused
.. BO_PORT_OUT1                .. 0003 .. unused
.. CLK_10                      .. 000A .. normal
.. CLK_6                       .. 001D .. normal
.. DATA                        .. 0027 .. normal
.. DELAY                       .. 002F .. normal
.. DELAY_1T_4T                 .. 0029 .. normal
.. DELAY_1T_8T                 .. 002C .. normal
.. DELAY_3T                    .. 0024 .. normal
.. DELAY_5T                    .. 0022 .. normal
.. DELAY_7T                    .. 0020 .. normal
.. DELAY_US                    .. 0011 .. normal
.. EVEN                        .. 0022 .. normal
.. FLAG                        .. 0020 .. normal
.. MCU_START                   .. 00F4 .. normal
.. NEW_WRITE                   .. 0061 .. normal
.. READ_DATA                   .. 00AD .. normal
.. RES                         .. 00DB .. normal
.. SB_BIT_CODE_MOD             .. 0006 .. unused
.. SB_BIT_CYCLE_0              .. 0000 .. unused
.. SB_BIT_CYCLE_1              .. 0001 .. unused
.. SB_BIT_CYCLE_2              .. 0002 .. unused
.. SB_BIT_CYCLE_3              .. 0003 .. unused
.. SB_BIT_CYCLE_4              .. 0004 .. unused
.. SB_BIT_CYCLE_5              .. 0005 .. unused
.. SB_BIT_CYCLE_6              .. 0006 .. unused
.. SB_BIT_CYC_CNT3             .. 0000 .. unused
.. SB_BIT_CYC_CNT4             .. 0001 .. unused
.. SB_BIT_CYC_CNT5             .. 0002 .. unused
.. SB_BIT_CYC_CNT6             .. 0003 .. unused
.. SB_BIT_CYC_TAIL             .. 0004 .. unused
.. SB_BIT_RX_I0                .. 0006 .. unused
.. SB_BIT_TX_EN                .. 0007 .. unused
.. SB_BIT_TX_O0                .. 0007 .. unused
.. SB_DATA_MW_SR               .. 0005 .. unused
.. SB_DATA_SW_MR               .. 0006 .. unused
.. SB_EN_LEVEL0                .. 0006 .. unused
.. SB_EN_LEVEL1                .. 0007 .. unused
.. SB_EN_TOUT_RST              .. 0005 .. unused
.. SB_FLAG_C                   .. 0000 .. normal
.. SB_FLAG_Z                   .. 0002 .. normal
.. SB_GP_BIT_X                 .. 0001 .. normal
.. SB_GP_BIT_Y                 .. 0003 .. unused
.. SB_INT_REQ                  .. 0007 .. normal
.. SB_MST_CFG_B4               .. 0004 .. unused
.. SB_MST_CLK_GATE             .. 0000 .. unused
.. SB_MST_IO_EN0               .. 0002 .. unused
.. SB_MST_IO_EN1               .. 0003 .. unused
.. SB_MST_RESET                .. 0001 .. unused
.. SB_PORT_DIR0                .. 0000 .. normal
.. SB_PORT_DIR1                .. 0001 .. unused
.. SB_PORT_IN0                 .. 0004 .. unused
.. SB_PORT_IN1                 .. 0005 .. unused
.. SB_PORT_IN_EDGE             .. 0005 .. unused
.. SB_PORT_IN_XOR              .. 0007 .. unused
.. SB_PORT_MOD0                .. 0004 .. unused
.. SB_PORT_MOD1                .. 0005 .. unused
.. SB_PORT_MOD2                .. 0006 .. unused
.. SB_PORT_MOD3                .. 0007 .. unused
.. SB_PORT_OUT0                .. 0000 .. normal
.. SB_PORT_OUT1                .. 0001 .. unused
.. SB_PORT_PU0                 .. 0002 .. unused
.. SB_PORT_PU1                 .. 0003 .. unused
.. SB_PORT_XOR0                .. 0002 .. unused
.. SB_PORT_XOR1                .. 0003 .. unused
.. SB_STACK_USED               .. 0004 .. unused
.. SB_TMR0_ENABLE              .. 0005 .. normal
.. SB_TMR0_FREQ0               .. 0000 .. unused
.. SB_TMR0_FREQ1               .. 0001 .. unused
.. SB_TMR0_FREQ2               .. 0002 .. unused
.. SB_TMR0_MODE                .. 0003 .. unused
.. SB_TMR0_OUT_EN              .. 0004 .. unused
.. SFR_BIT_CONFIG              .. 000C .. unused
.. SFR_BIT_CYCLE               .. 0008 .. unused
.. SFR_CTRL_RD                 .. 001D .. unused
.. SFR_CTRL_WR                 .. 001E .. normal
.. SFR_DATA_EXCH               .. 001F .. normal
.. SFR_DATA_REG0               .. 0020 .. normal
.. SFR_DATA_REG1               .. 0021 .. normal
.. SFR_DATA_REG10              .. 002A .. unused
.. SFR_DATA_REG11              .. 002B .. unused
.. SFR_DATA_REG12              .. 002C .. unused
.. SFR_DATA_REG13              .. 002D .. unused
.. SFR_DATA_REG14              .. 002E .. unused
.. SFR_DATA_REG15              .. 002F .. unused
.. SFR_DATA_REG16              .. 0030 .. unused
.. SFR_DATA_REG17              .. 0031 .. unused
.. SFR_DATA_REG18              .. 0032 .. unused
.. SFR_DATA_REG19              .. 0033 .. unused
.. SFR_DATA_REG2               .. 0022 .. normal
.. SFR_DATA_REG20              .. 0034 .. unused
.. SFR_DATA_REG21              .. 0035 .. unused
.. SFR_DATA_REG22              .. 0036 .. unused
.. SFR_DATA_REG23              .. 0037 .. unused
.. SFR_DATA_REG24              .. 0038 .. unused
.. SFR_DATA_REG25              .. 0039 .. unused
.. SFR_DATA_REG26              .. 003A .. unused
.. SFR_DATA_REG27              .. 003B .. unused
.. SFR_DATA_REG28              .. 003C .. unused
.. SFR_DATA_REG29              .. 003D .. unused
.. SFR_DATA_REG3               .. 0023 .. normal
.. SFR_DATA_REG30              .. 003E .. unused
.. SFR_DATA_REG31              .. 003F .. unused
.. SFR_DATA_REG4               .. 0024 .. unused
.. SFR_DATA_REG5               .. 0025 .. unused
.. SFR_DATA_REG6               .. 0026 .. unused
.. SFR_DATA_REG7               .. 0027 .. normal
.. SFR_DATA_REG8               .. 0028 .. unused
.. SFR_DATA_REG9               .. 0029 .. unused
.. SFR_INDIR_ADDR              .. 0004 .. normal
.. SFR_INDIR_ADDR2             .. 0009 .. unused
.. SFR_INDIR_PORT              .. 0000 .. normal
.. SFR_INDIR_PORT2             .. 0001 .. unused
.. SFR_PORT_DIR                .. 000A .. normal
.. SFR_PORT_IO                 .. 000B .. normal
.. SFR_PRG_COUNT               .. 0002 .. unused
.. SFR_STATUS_REG              .. 0003 .. normal
.. SFR_SYS_CFG                 .. 001C .. normal
.. SFR_TIMER_CTRL              .. 0006 .. normal
.. SFR_TMR0_COUNT              .. 0005 .. normal
.. SFR_TMR0_INIT               .. 0007 .. normal
.. STOP                        .. 00D0 .. normal
.. TIM_INIT                    .. 0003 .. normal
.. VAR                         .. 0021 .. normal
.. WB_BIT_CYC_TAIL_1           .. 0001 .. unused
.. WB_DATA_MW_SR_1             .. 0004 .. normal
.. WB_DATA_SW_MR_0             .. 0000 .. unused
.. WB_PORT_I0_FALL             .. 0002 .. unused
.. WB_PORT_I0_RISE             .. 0003 .. unused
.. WB_PORT_XOR0_0              .. 0006 .. unused
.. WB_PORT_XOR0_1              .. 0007 .. normal
.. WB_PORT_XOR1_1              .. 0005 .. unused
.. WRITE_DATA                  .. 008B .. normal
.. W_R_DATA                    .. 0088 .. normal

End = 00F9H -------------------------------------------------------------------
Total_Info: 00, Total_Warning: 00, Total_Error: 00
