MCU CH53X ASSEMBLER:  WASM53B Ver 3.1
Copyright (C) wch.cn 1998-2021, B211121
Website:   http://wch.cn

List file: PIOC_UART.LST
Date: 2023.11.14  Time: 15:40:41

Pass1 -------------------------------------------------------------------------
LINE ,  PC ,  CODE/DATA: SOURCE
INCLUDE    PIOC_INC.ASM
## return from nesting file

Pass2 -------------------------------------------------------------------------
LINE ,  PC ,  CODE/DATA: SOURCE
L=0001, ......, D=0000 : ;
L=0002, NEST_INCLUDE=1 : INCLUDE				PIOC_INC.ASM
L=0001, ......, D=0000 : ; include file for PIOC/eMCU, V1.0
L=0002, ......, D=0000 : ; by W.ch @2022.08
L=0003, ......, D=0000 : ; http://wch.cn  http://winchiphead.com
L=0004, ......, D=0000 : ;
L=0005, ......, D=0000 : 
L=0006, ......, D=0000 : ; define SFR register
L=0007, ......, D=0000 : SFR_INDIR_PORT      EQU   0x00
L=0008, ......, D=0001 : SFR_INDIR_PORT2     EQU   0x01
L=0009, ......, D=0002 : SFR_PRG_COUNT       EQU   0x02
L=0010, ......, D=0003 : SFR_STATUS_REG      EQU   0x03
L=0011, ......, D=0004 : SFR_INDIR_ADDR      EQU   0x04
L=0012, ......, D=0005 : SFR_TMR0_COUNT      EQU   0x05
L=0013, ......, D=0006 : SFR_TIMER_CTRL      EQU   0x06
L=0014, ......, D=0007 : SFR_TMR0_INIT       EQU   0x07
L=0015, ......, D=0008 : SFR_BIT_CYCLE       EQU   0x08
L=0016, ......, D=0009 : SFR_INDIR_ADDR2     EQU   0x09
L=0017, ......, D=000A : SFR_PORT_DIR        EQU   0x0A
L=0018, ......, D=000B : SFR_PORT_IO         EQU   0x0B
L=0019, ......, D=000C : SFR_BIT_CONFIG      EQU   0x0C
L=0020, ......, D=001C : SFR_SYS_CFG         EQU   0x1C
L=0021, ......, D=001D : SFR_CTRL_RD         EQU   0x1D
L=0022, ......, D=001E : SFR_CTRL_WR         EQU   0x1E
L=0023, ......, D=001F : SFR_DATA_EXCH       EQU   0x1F
L=0024, ......, D=0020 : SFR_DATA_REG0       EQU   0x20
L=0025, ......, D=0021 : SFR_DATA_REG1       EQU   0x21
L=0026, ......, D=0022 : SFR_DATA_REG2       EQU   0x22
L=0027, ......, D=0023 : SFR_DATA_REG3       EQU   0x23
L=0028, ......, D=0024 : SFR_DATA_REG4       EQU   0x24
L=0029, ......, D=0025 : SFR_DATA_REG5       EQU   0x25
L=0030, ......, D=0026 : SFR_DATA_REG6       EQU   0x26
L=0031, ......, D=0027 : SFR_DATA_REG7       EQU   0x27
L=0032, ......, D=0028 : SFR_DATA_REG8       EQU   0x28
L=0033, ......, D=0029 : SFR_DATA_REG9       EQU   0x29
L=0034, ......, D=002A : SFR_DATA_REG10      EQU   0x2A
L=0035, ......, D=002B : SFR_DATA_REG11      EQU   0x2B
L=0036, ......, D=002C : SFR_DATA_REG12      EQU   0x2C
L=0037, ......, D=002D : SFR_DATA_REG13      EQU   0x2D
L=0038, ......, D=002E : SFR_DATA_REG14      EQU   0x2E
L=0039, ......, D=002F : SFR_DATA_REG15      EQU   0x2F
L=0040, ......, D=0030 : SFR_DATA_REG16      EQU   0x30
L=0041, ......, D=0031 : SFR_DATA_REG17      EQU   0x31
L=0042, ......, D=0032 : SFR_DATA_REG18      EQU   0x32
L=0043, ......, D=0033 : SFR_DATA_REG19      EQU   0x33
L=0044, ......, D=0034 : SFR_DATA_REG20      EQU   0x34
L=0045, ......, D=0035 : SFR_DATA_REG21      EQU   0x35
L=0046, ......, D=0036 : SFR_DATA_REG22      EQU   0x36
L=0047, ......, D=0037 : SFR_DATA_REG23      EQU   0x37
L=0048, ......, D=0038 : SFR_DATA_REG24      EQU   0x38
L=0049, ......, D=0039 : SFR_DATA_REG25      EQU   0x39
L=0050, ......, D=003A : SFR_DATA_REG26      EQU   0x3A
L=0051, ......, D=003B : SFR_DATA_REG27      EQU   0x3B
L=0052, ......, D=003C : SFR_DATA_REG28      EQU   0x3C
L=0053, ......, D=003D : SFR_DATA_REG29      EQU   0x3D
L=0054, ......, D=003E : SFR_DATA_REG30      EQU   0x3E
L=0055, ......, D=003F : SFR_DATA_REG31      EQU   0x3F
L=0056, ......, D=0000 : 
L=0057, ......, D=0000 : ; define bit for SFR_STATUS_REG
L=0058, ......, D=0005 : SB_EN_TOUT_RST      EQU   5
L=0059, ......, D=0004 : SB_STACK_USED       EQU   4
L=0060, ......, D=0003 : SB_GP_BIT_Y         EQU   3
L=0061, ......, D=0002 : SB_FLAG_Z           EQU   2
L=0062, ......, D=0001 : SB_GP_BIT_X         EQU   1
L=0063, ......, D=0000 : SB_FLAG_C           EQU   0
L=0064, ......, D=0000 : 
L=0065, ......, D=0000 : ; define bit for SFR_TIMER_CTRL
L=0066, ......, D=0007 : SB_EN_LEVEL1        EQU   7
L=0067, ......, D=0006 : SB_EN_LEVEL0        EQU   6
L=0068, ......, D=0005 : SB_TMR0_ENABLE      EQU   5
L=0069, ......, D=0004 : SB_TMR0_OUT_EN      EQU   4
L=0070, ......, D=0003 : SB_TMR0_MODE        EQU   3
L=0071, ......, D=0002 : SB_TMR0_FREQ2       EQU   2
L=0072, ......, D=0001 : SB_TMR0_FREQ1       EQU   1
L=0073, ......, D=0000 : SB_TMR0_FREQ0       EQU   0
L=0074, ......, D=0000 : 
L=0075, ......, D=0000 : ; define bit for SFR_BIT_CYCLE
L=0076, ......, D=0007 : SB_BIT_TX_O0        EQU   7
L=0077, ......, D=0006 : SB_BIT_CYCLE_6      EQU   6
L=0078, ......, D=0005 : SB_BIT_CYCLE_5      EQU   5
L=0079, ......, D=0004 : SB_BIT_CYCLE_4      EQU   4
L=0080, ......, D=0003 : SB_BIT_CYCLE_3      EQU   3
L=0081, ......, D=0002 : SB_BIT_CYCLE_2      EQU   2
L=0082, ......, D=0001 : SB_BIT_CYCLE_1      EQU   1
L=0083, ......, D=0000 : SB_BIT_CYCLE_0      EQU   0
L=0084, ......, D=0000 : 
L=0085, ......, D=0000 : ; define bit for SFR_PORT_DIR
L=0086, ......, D=0007 : SB_PORT_MOD3        EQU   7
L=0087, ......, D=0006 : SB_PORT_MOD2        EQU   6
L=0088, ......, D=0005 : SB_PORT_MOD1        EQU   5
L=0089, ......, D=0004 : SB_PORT_MOD0        EQU   4
L=0090, ......, D=0003 : SB_PORT_PU1         EQU   3
L=0091, ......, D=0002 : SB_PORT_PU0         EQU   2
L=0092, ......, D=0001 : SB_PORT_DIR1        EQU   1
L=0093, ......, D=0000 : SB_PORT_DIR0        EQU   0
L=0094, ......, D=0000 : 
L=0095, ......, D=0000 : ; define bit for SFR_PORT_IO
L=0096, ......, D=0007 : SB_PORT_IN_XOR      EQU   7
L=0097, ......, D=0006 : SB_BIT_RX_I0        EQU   6
L=0098, ......, D=0005 : SB_PORT_IN1         EQU   5
L=0099, ......, D=0004 : SB_PORT_IN0         EQU   4
L=0100, ......, D=0003 : SB_PORT_XOR1        EQU   3
L=0101, ......, D=0002 : SB_PORT_XOR0        EQU   2
L=0102, ......, D=0001 : SB_PORT_OUT1        EQU   1
L=0103, ......, D=0000 : SB_PORT_OUT0        EQU   0
L=0104, ......, D=0000 : 
L=0105, ......, D=0000 : ; define bit for SFR_BIT_CONFIG
L=0106, ......, D=0007 : SB_BIT_TX_EN        EQU   7
L=0107, ......, D=0006 : SB_BIT_CODE_MOD     EQU   6
L=0108, ......, D=0005 : SB_PORT_IN_EDGE     EQU   5
L=0109, ......, D=0004 : SB_BIT_CYC_TAIL     EQU   4
L=0110, ......, D=0003 : SB_BIT_CYC_CNT6     EQU   3
L=0111, ......, D=0002 : SB_BIT_CYC_CNT5     EQU   2
L=0112, ......, D=0001 : SB_BIT_CYC_CNT4     EQU   1
L=0113, ......, D=0000 : SB_BIT_CYC_CNT3     EQU   0
L=0114, ......, D=0000 : 
L=0115, ......, D=0000 : ; define bit for SFR_SYS_CFG
L=0116, ......, D=0007 : SB_INT_REQ          EQU   7
L=0117, ......, D=0006 : SB_DATA_SW_MR       EQU   6
L=0118, ......, D=0005 : SB_DATA_MW_SR       EQU   5
L=0119, ......, D=0004 : SB_MST_CFG_B4       EQU   4
L=0120, ......, D=0003 : SB_MST_IO_EN1       EQU   3
L=0121, ......, D=0002 : SB_MST_IO_EN0       EQU   2
L=0122, ......, D=0001 : SB_MST_RESET        EQU   1
L=0123, ......, D=0000 : SB_MST_CLK_GATE     EQU   0
L=0124, ......, D=0000 : 
L=0125, ......, D=0000 : ; define inform for BCTC instruction
L=0126, ......, D=0000 : BI_C_XOR_IN0        EQU   0
L=0127, ......, D=0000 : 
L=0128, ......, D=0000 : ; define inform for BP1F/BP2F/BG1F/BG2F instruction
L=0129, ......, D=0000 : BIO_FLAG_C          EQU   0
L=0130, ......, D=0000 : 
L=0131, ......, D=0000 : ; define inform for BCTC/BG1F/BG2F instruction
L=0132, ......, D=0001 : BI_BIT_RX_I0        EQU   1
L=0133, ......, D=0002 : BI_PORT_IN0         EQU   2
L=0134, ......, D=0003 : BI_PORT_IN1         EQU   3
L=0135, ......, D=0000 : 
L=0136, ......, D=0000 : ; define inform for BP1F/BP2F instruction
L=0137, ......, D=0001 : BO_BIT_TX_O0        EQU   1
L=0138, ......, D=0002 : BO_PORT_OUT0        EQU   2
L=0139, ......, D=0003 : BO_PORT_OUT1        EQU   3
L=0140, ......, D=0000 : 
L=0141, ......, D=0000 : ; define inform for WAITB instruction
L=0142, ......, D=0000 : WB_DATA_SW_MR_0     EQU   0
L=0143, ......, D=0001 : WB_BIT_CYC_TAIL_1   EQU   1
L=0144, ......, D=0002 : WB_PORT_I0_FALL     EQU   2
L=0145, ......, D=0003 : WB_PORT_I0_RISE     EQU   3
L=0146, ......, D=0004 : WB_DATA_MW_SR_1     EQU   4
L=0147, ......, D=0005 : WB_PORT_XOR1_1      EQU   5
L=0148, ......, D=0006 : WB_PORT_XOR0_0      EQU   6
L=0149, ......, D=0007 : WB_PORT_XOR0_1      EQU   7
## return from nesting file
L=0003, ......, D=0000 : ;
L=0004, ......, D=0000 : ;
L=0005, P=0000, ...... : 					ORG   0X0000
L=0006, P=0000, C=0000 : 					DW    0X0000
L=0007, P=0001, C=632B : 					JMP   MCU_START
L=0008, P=0002, C=0FFF : 					DW    0X0FFF
L=0009, ......, D=0000 : ;
L=0010, ......, D=0020 : UART_TX_FREQ		EQU   SFR_DATA_REG0
L=0011, ......, D=0021 : UART_TX_CNT			EQU   SFR_DATA_REG1
L=0012, ......, D=0022 : UART_TX_HALF_CNT	EQU   SFR_DATA_REG2
L=0013, ......, D=0023 : UART_TX_CTRL		EQU   SFR_DATA_REG3
L=0014, ......, D=0024 : UART_RX_FREQ		EQU   SFR_DATA_REG4
L=0015, ......, D=0025 : UART_RX_CNT			EQU   SFR_DATA_REG5
L=0016, ......, D=0026 : UART_RX_CTLR		EQU   SFR_DATA_REG6
L=0017, ......, D=0027 : UART_TX_RX_FLAG		EQU   SFR_DATA_REG7
L=0018, ......, D=0000 : ;
L=0019, ......, D=0038 : VAR_SIZE_L			EQU   SFR_DATA_REG24
L=0020, ......, D=0039 : VAR_SIZE_H			EQU   SFR_DATA_REG25
L=0021, ......, D=003A : UART_TX_CHECK		EQU   SFR_DATA_REG26
L=0022, ......, D=003B : UART_TX_I		    EQU   SFR_DATA_REG27
L=0023, ......, D=003C : UART_RX_CHECK		EQU   SFR_DATA_REG28
L=0024, ......, D=003D : UART_RX_VAR			EQU   SFR_DATA_REG29
L=0025, ......, D=003E : UART_RX_SR			EQU   SFR_DATA_REG30
L=0026, ......, D=003F : UART_RX_DATA		EQU   SFR_DATA_REG31
L=0027, ......, D=0000 : ;
L=0028, P=0003, C=0000 : DELAY_5NOP:         NOP
L=0029, P=0004, C=0030 : 					RET
L=0030, ......, D=0000 : ;
L=0031, ......, D=0000 : ;
L=0032, P=0005, C=2800 : UART_TX:			MOVL  0X00
L=0033, P=0006, C=1007 : 					MOVA  SFR_TMR0_INIT
L=0034, P=0007, C=0220 : 					MOV   UART_TX_FREQ,A
L=0035, P=0008, C=1006 : 					MOVA  SFR_TIMER_CTRL
L=0036, P=0009, C=410B : TX_NEXT:			BC    SFR_PORT_IO,SB_PORT_OUT1
L=0037, P=000A, C=0105 : 					CLR   SFR_TMR0_COUNT
L=0038, P=000B, C=0201 : 					MOV   SFR_INDIR_PORT2,A
L=0039, P=000C, C=101F : 					MOVA  SFR_DATA_EXCH
L=0040, P=000D, C=5B23 : 					BTSS  UART_TX_CTRL,3
L=0041, P=000E, C=403A : 					BC    UART_TX_CHECK,0
L=0042, P=000F, C=0205 : TX_START:			MOV   SFR_TMR0_COUNT,A
L=0043, P=0010, C=0C21 : 					ADD   UART_TX_CNT,A
L=0044, P=0011, C=380F : 					JNC   TX_START
L=0045, P=0012, C=5323 : 					BTSC  UART_TX_CTRL,3
L=0046, P=0013, C=483A : 					BS    UART_TX_CHECK,0
L=0047, P=0014, C=0000 : 					NOP
L=0048, P=0015, C=00B8 : 					BP2F  BO_PORT_OUT1,0
L=0049, P=0016, C=0105 : 					CLR   SFR_TMR0_COUNT
L=0050, P=0017, C=023A : 					MOV   UART_TX_CHECK,A
L=0051, P=0018, C=001F : 					BCTC  BI_PORT_IN1
L=0052, P=0019, C=1E3A : 					RCL   UART_TX_CHECK
L=0053, P=001A, C=1B3A : 					XOR   UART_TX_CHECK
L=0054, P=001B, C=0205 : TX_BIT0:			MOV   SFR_TMR0_COUNT,A
L=0055, P=001C, C=0C21 : 					ADD   UART_TX_CNT,A
L=0056, P=001D, C=381B : 					JNC   TX_BIT0
L=0057, P=001E, C=0000 : 					NOP
L=0058, P=001F, C=0000 : 					NOP
L=0059, P=0020, C=0000 : 					NOP
L=0060, P=0021, C=00B9 : 					BP2F  BO_PORT_OUT1,1
L=0061, P=0022, C=0105 : 					CLR   SFR_TMR0_COUNT
L=0062, P=0023, C=023A : 					MOV   UART_TX_CHECK,A
L=0063, P=0024, C=001F : 					BCTC  BI_PORT_IN1
L=0064, P=0025, C=1E3A : 					RCL   UART_TX_CHECK
L=0065, P=0026, C=1B3A : 					XOR   UART_TX_CHECK
L=0066, P=0027, C=0205 : TX_BIT1:			MOV   SFR_TMR0_COUNT,A
L=0067, P=0028, C=0C21 : 					ADD   UART_TX_CNT,A
L=0068, P=0029, C=3827 : 					JNC   TX_BIT1
L=0069, P=002A, C=0000 : 					NOP
L=0070, P=002B, C=0000 : 					NOP
L=0071, P=002C, C=0000 : 					NOP
L=0072, P=002D, C=00BA : 					BP2F  BO_PORT_OUT1,2
L=0073, P=002E, C=0105 : 					CLR   SFR_TMR0_COUNT
L=0074, P=002F, C=023A : 					MOV   UART_TX_CHECK,A
L=0075, P=0030, C=001F : 					BCTC  BI_PORT_IN1
L=0076, P=0031, C=1E3A : 					RCL   UART_TX_CHECK
L=0077, P=0032, C=1B3A : 					XOR   UART_TX_CHECK
L=0078, P=0033, C=0205 : TX_BIT2:			MOV   SFR_TMR0_COUNT,A
L=0079, P=0034, C=0C21 : 					ADD   UART_TX_CNT,A
L=0080, P=0035, C=3833 : 					JNC   TX_BIT2
L=0081, P=0036, C=0000 : 					NOP
L=0082, P=0037, C=0000 : 					NOP
L=0083, P=0038, C=0000 : 					NOP
L=0084, P=0039, C=00BB : 					BP2F  BO_PORT_OUT1,3
L=0085, P=003A, C=0105 : 					CLR   SFR_TMR0_COUNT
L=0086, P=003B, C=023A : 					MOV   UART_TX_CHECK,A
L=0087, P=003C, C=001F : 					BCTC  BI_PORT_IN1
L=0088, P=003D, C=1E3A : 					RCL   UART_TX_CHECK
L=0089, P=003E, C=1B3A : 					XOR   UART_TX_CHECK
L=0090, P=003F, C=0205 : TX_BIT3:			MOV   SFR_TMR0_COUNT,A
L=0091, P=0040, C=0C21 : 					ADD   UART_TX_CNT,A
L=0092, P=0041, C=383F : 					JNC   TX_BIT3
L=0093, P=0042, C=0000 : 					NOP
L=0094, P=0043, C=0000 : 					NOP
L=0095, P=0044, C=0000 : 					NOP
L=0096, P=0045, C=00BC : 					BP2F  BO_PORT_OUT1,4
L=0097, P=0046, C=0105 : 					CLR   SFR_TMR0_COUNT
L=0098, P=0047, C=023A : 					MOV   UART_TX_CHECK,A
L=0099, P=0048, C=001F : 					BCTC  BI_PORT_IN1
L=0100, P=0049, C=1E3A : 					RCL   UART_TX_CHECK
L=0101, P=004A, C=1B3A : 					XOR   UART_TX_CHECK
L=0102, P=004B, C=0000 : 					NOP
L=0103, P=004C, C=5527 : 					BTSC  UART_TX_RX_FLAG,5
L=0104, P=004D, C=607B : 					JMP   TX_BIT_LEN
L=0105, P=004E, C=0000 : 					NOP
L=0106, P=004F, C=0205 : TX_BIT4:			MOV   SFR_TMR0_COUNT,A
L=0107, P=0050, C=0C21 : 					ADD   UART_TX_CNT,A
L=0108, P=0051, C=384F : 					JNC   TX_BIT4
L=0109, P=0052, C=0000 : 					NOP
L=0110, P=0053, C=0000 : 					NOP
L=0111, P=0054, C=0000 : 					NOP
L=0112, P=0055, C=00BD : 					BP2F  BO_PORT_OUT1,5
L=0113, P=0056, C=0105 : 					CLR   SFR_TMR0_COUNT
L=0114, P=0057, C=023A : 					MOV   UART_TX_CHECK,A
L=0115, P=0058, C=001F : 					BCTC  BI_PORT_IN1
L=0116, P=0059, C=1E3A : 					RCL   UART_TX_CHECK
L=0117, P=005A, C=1B3A : 					XOR   UART_TX_CHECK
L=0118, P=005B, C=0000 : 					NOP
L=0119, P=005C, C=5627 : 					BTSC  UART_TX_RX_FLAG,6
L=0120, P=005D, C=607B : 					JMP   TX_BIT_LEN
L=0121, P=005E, C=0000 : 					NOP
L=0122, P=005F, C=0205 : TX_BIT5:			MOV   SFR_TMR0_COUNT,A
L=0123, P=0060, C=0C21 : 					ADD   UART_TX_CNT,A
L=0124, P=0061, C=385F : 					JNC   TX_BIT5
L=0125, P=0062, C=0000 : 					NOP
L=0126, P=0063, C=0000 : 					NOP
L=0127, P=0064, C=0000 : 					NOP
L=0128, P=0065, C=00BE : 					BP2F  BO_PORT_OUT1,6
L=0129, P=0066, C=0105 : 					CLR   SFR_TMR0_COUNT
L=0130, P=0067, C=023A : 					MOV   UART_TX_CHECK,A
L=0131, P=0068, C=001F : 					BCTC  BI_PORT_IN1
L=0132, P=0069, C=1E3A : 					RCL   UART_TX_CHECK
L=0133, P=006A, C=1B3A : 					XOR   UART_TX_CHECK
L=0134, P=006B, C=0000 : 					NOP
L=0135, P=006C, C=5727 : 					BTSC  UART_TX_RX_FLAG,7
L=0136, P=006D, C=607B : 					JMP   TX_BIT_LEN
L=0137, P=006E, C=0000 : 					NOP
L=0138, P=006F, C=0205 : TX_BIT6:			MOV   SFR_TMR0_COUNT,A
L=0139, P=0070, C=0C21 : 					ADD   UART_TX_CNT,A
L=0140, P=0071, C=386F : 					JNC   TX_BIT6
L=0141, P=0072, C=0000 : 					NOP
L=0142, P=0073, C=0000 : 					NOP
L=0143, P=0074, C=0000 : 					NOP
L=0144, P=0075, C=00BF : 					BP2F  BO_PORT_OUT1,7
L=0145, P=0076, C=0105 : 					CLR   SFR_TMR0_COUNT
L=0146, P=0077, C=023A : 					MOV   UART_TX_CHECK,A
L=0147, P=0078, C=001F : 					BCTC  BI_PORT_IN1
L=0148, P=0079, C=1E3A : 					RCL   UART_TX_CHECK
L=0149, P=007A, C=1B3A : 					XOR   UART_TX_CHECK
L=0150, P=007B, C=1538 : TX_BIT_LEN:			DEC   VAR_SIZE_L
L=0151, P=007C, C=0438 : 					INC   VAR_SIZE_L,A
L=0152, P=007D, C=5203 : 					BTSC  SFR_STATUS_REG,SB_FLAG_Z
L=0153, P=007E, C=1539 : 					DEC   VAR_SIZE_H
L=0154, P=007F, C=0000 : 					NOP
L=0155, P=0080, C=0000 : 					NOP
L=0156, P=0081, C=0000 : 					NOP
L=0157, P=0082, C=023A : 					MOV   UART_TX_CHECK,A
L=0158, P=0083, C=5C27 : 					BTSS  UART_TX_RX_FLAG,4
L=0159, P=0084, C=608A : 					JMP   TX_CHECK_0
L=0160, P=0085, C=0004 : 					CLRA
L=0161, P=0086, C=5323 : 					BTSC  UART_TX_CTRL,3
L=0162, P=0087, C=2C01 : 					ADDL  0X01
L=0163, P=0088, C=0000 : 					NOP
L=0164, P=0089, C=0000 : 					NOP
L=0165, P=008A, C=101F : TX_CHECK_0:			MOVA  SFR_DATA_EXCH
L=0166, P=008B, C=0205 : TX_BIT7:			MOV   SFR_TMR0_COUNT,A
L=0167, P=008C, C=0C21 : 					ADD   UART_TX_CNT,A
L=0168, P=008D, C=388B : 					JNC   TX_BIT7
L=0169, P=008E, C=5A23 : 					BTSS  UART_TX_CTRL,2
L=0170, P=008F, C=6099 : 					JMP	  TX_CHECK_NONE
L=0171, P=0090, C=0000 : 					NOP
L=0172, P=0091, C=00B8 : 					BP2F  BO_PORT_OUT1,0
L=0173, P=0092, C=0105 : 					CLR   SFR_TMR0_COUNT
L=0174, P=0093, C=0205 : TX_CHECK:			MOV   SFR_TMR0_COUNT,A
L=0175, P=0094, C=0C21 : 					ADD   UART_TX_CNT,A
L=0176, P=0095, C=3893 : 					JNC   TX_CHECK
L=0177, P=0096, C=0000 : 					NOP
L=0178, P=0097, C=0000 : 					NOP
L=0179, P=0098, C=0000 : 					NOP
L=0180, P=0099, C=490B : TX_CHECK_NONE:		BS    SFR_PORT_IO,SB_PORT_OUT1
L=0181, P=009A, C=0105 : 					CLR   SFR_TMR0_COUNT
L=0182, P=009B, C=0238 : 					MOV   VAR_SIZE_L,A
L=0183, P=009C, C=0A39 : 					IOR   VAR_SIZE_H,A
L=0184, P=009D, C=34CC : 					JZ    TX_STOP_FINAL
L=0185, P=009E, C=153B : 					DEC   UART_TX_I
L=0186, P=009F, C=30A9 : 					JNZ   TX_NOR_REQ
L=0187, P=00A0, C=5127 : 					BTSC  UART_TX_RX_FLAG,1
L=0188, P=00A1, C=2428 : 					MOVIA SFR_DATA_REG8
L=0189, P=00A2, C=2802 : 					MOVL  0X02
L=0190, P=00A3, C=1B27 : 					XOR   UART_TX_RX_FLAG
L=0191, P=00A4, C=2808 : 					MOVL  0X08
L=0192, P=00A5, C=103B : 					MOVA  UART_TX_I
L=0193, P=00A6, C=4F1C : 					BS    SFR_SYS_CFG,SB_INT_REQ
L=0194, P=00A7, C=0000 : 					NOP
L=0195, P=00A8, C=0000 : 					NOP
L=0196, P=00A9, C=0000 : TX_NOR_REQ:			NOP
L=0197, P=00AA, C=0000 : 					NOP
L=0198, P=00AB, C=0205 : TX_STOP:			MOV   SFR_TMR0_COUNT,A
L=0199, P=00AC, C=0C21 : 					ADD   UART_TX_CNT,A
L=0200, P=00AD, C=38AB : 					JNC   TX_STOP
L=0201, P=00AE, C=5823 : 					BTSS  UART_TX_CTRL,0
L=0202, P=00AF, C=6009 : 					JMP   TX_NEXT
L=0203, P=00B0, C=0222 : 					MOV   UART_TX_HALF_CNT,A
L=0204, P=00B1, C=1005 : 					MOVA  SFR_TMR0_COUNT
L=0205, P=00B2, C=0205 : TX_STOP1:			MOV   SFR_TMR0_COUNT,A
L=0206, P=00B3, C=0C21 : 					ADD   UART_TX_CNT,A
L=0207, P=00B4, C=38B2 : 					JNC   TX_STOP1
L=0208, P=00B5, C=5C23 : 					BTSS  UART_TX_CTRL,4
L=0209, P=00B6, C=60B8 : 					JMP   TX_STOP1_1
L=0210, P=00B7, C=60B8 : 					JMP   TX_STOP1_1
L=0211, P=00B8, C=5D23 : TX_STOP1_1:			BTSS  UART_TX_CTRL,5
L=0212, P=00B9, C=60BC : 					JMP   TX_STOP1_2
L=0213, P=00BA, C=0000 : 					NOP
L=0214, P=00BB, C=60BC : 					JMP   TX_STOP1_2
L=0215, P=00BC, C=5923 : TX_STOP1_2:			BTSS  UART_TX_CTRL,1
L=0216, P=00BD, C=6009 : 					JMP   TX_NEXT
L=0217, P=00BE, C=0222 : 					MOV   UART_TX_HALF_CNT,A
L=0218, P=00BF, C=1005 : 					MOVA  SFR_TMR0_COUNT
L=0219, P=00C0, C=0205 : TX_STOP2:			MOV   SFR_TMR0_COUNT,A
L=0220, P=00C1, C=0C21 : 					ADD   UART_TX_CNT,A
L=0221, P=00C2, C=38C0 : 					JNC   TX_STOP2
L=0222, P=00C3, C=5E23 : 					BTSS  UART_TX_CTRL,6
L=0223, P=00C4, C=60C6 : 					JMP   TX_STOP2_1
L=0224, P=00C5, C=60C6 : 					JMP   TX_STOP2_1
L=0225, P=00C6, C=5F23 : TX_STOP2_1:			BTSS  UART_TX_CTRL,7
L=0226, P=00C7, C=60CA : 					JMP   TX_STOP2_2
L=0227, P=00C8, C=0000 : 					NOP
L=0228, P=00C9, C=60CA : 					JMP   TX_STOP2_2
L=0229, P=00CA, C=0000 : TX_STOP2_2:			NOP
L=0230, P=00CB, C=6009 : 					JMP   TX_NEXT
L=0231, ......, D=0000 : ;
L=0232, P=00CC, C=0205 : TX_STOP_FINAL:		MOV   SFR_TMR0_COUNT,A
L=0233, P=00CD, C=0C21 : 					ADD   UART_TX_CNT,A
L=0234, P=00CE, C=38CC : 					JNC   TX_STOP_FINAL
L=0235, P=00CF, C=5823 : 					BTSS  UART_TX_CTRL,0
L=0236, P=00D0, C=60ED : 					JMP   UART_RX
L=0237, P=00D1, C=0222 : 					MOV   UART_TX_HALF_CNT,A
L=0238, P=00D2, C=1005 : 					MOVA  SFR_TMR0_COUNT
L=0239, P=00D3, C=0205 : TX_STOP_FINAL1:		MOV   SFR_TMR0_COUNT,A
L=0240, P=00D4, C=0C21 : 					ADD   UART_TX_CNT,A
L=0241, P=00D5, C=38D3 : 					JNC   TX_STOP_FINAL1
L=0242, P=00D6, C=5C23 : 					BTSS  UART_TX_CTRL,4
L=0243, P=00D7, C=60D9 : 					JMP   TX_STOP_FINAL1_1
L=0244, P=00D8, C=60D9 : 					JMP   TX_STOP_FINAL1_1
L=0245, P=00D9, C=5D23 : TX_STOP_FINAL1_1:	BTSS  UART_TX_CTRL,5
L=0246, P=00DA, C=60DD : 					JMP   TX_STOP_FINAL1_2
L=0247, P=00DB, C=0000 : 					NOP
L=0248, P=00DC, C=60DD : 					JMP   TX_STOP_FINAL1_2
L=0249, P=00DD, C=5923 : TX_STOP_FINAL1_2:	BTSS  UART_TX_CTRL,1
L=0250, P=00DE, C=60ED : 					JMP   UART_RX
L=0251, P=00DF, C=0222 : 					MOV   UART_TX_HALF_CNT,A
L=0252, P=00E0, C=1005 : 					MOVA  SFR_TMR0_COUNT
L=0253, P=00E1, C=0205 : TX_STOP_FINAL2:		MOV   SFR_TMR0_COUNT,A
L=0254, P=00E2, C=0C21 : 					ADD   UART_TX_CNT,A
L=0255, P=00E3, C=38E1 : 					JNC   TX_STOP_FINAL2
L=0256, P=00E4, C=5E23 : 					BTSS  UART_TX_CTRL,6
L=0257, P=00E5, C=60E7 : 					JMP   TX_STOP_FINAL2_1
L=0258, P=00E6, C=60E7 : 					JMP   TX_STOP_FINAL2_1
L=0259, P=00E7, C=5F23 : TX_STOP_FINAL2_1:	BTSS  UART_TX_CTRL,7
L=0260, P=00E8, C=60EB : 					JMP   TX_STOP_FINAL2_2
L=0261, P=00E9, C=0000 : 					NOP
L=0262, P=00EA, C=60EB : 					JMP   TX_STOP_FINAL2_2
L=0263, P=00EB, C=0000 : TX_STOP_FINAL2_2:	NOP
L=0264, P=00EC, C=60ED : 					JMP   UART_RX
L=0265, ......, D=0000 : ;
L=0266, P=00ED, C=4027 : UART_RX:			BC   UART_TX_RX_FLAG,0
L=0267, P=00EE, C=2800 : 					MOVL  0X00
L=0268, P=00EF, C=1007 : 					MOVA  SFR_TMR0_INIT
L=0269, P=00F0, C=0224 : 					MOV   UART_RX_FREQ,A
L=0270, P=00F1, C=1006 : 					MOVA  SFR_TIMER_CTRL
L=0271, P=00F2, C=0016 : RX_WAIT:			WAITB WB_PORT_XOR0_0
L=0272, P=00F3, C=0017 : 					WAITB WB_PORT_XOR0_1
L=0273, P=00F4, C=0105 : 					CLR   SFR_TMR0_COUNT
L=0274, P=00F5, C=013C : 					CLR   UART_RX_CHECK
L=0275, P=00F6, C=011F : 					CLR   SFR_DATA_EXCH
L=0276, P=00F7, C=013D : 					CLR   UART_RX_VAR
L=0277, P=00F8, C=0000 : 					NOP
L=0278, P=00F9, C=0205 : RX_START_0:			MOV   SFR_TMR0_COUNT,A
L=0279, P=00FA, C=0C25 : 					ADD   UART_RX_CNT,A
L=0280, P=00FB, C=38F9 : 					JNC   RX_START_0
L=0281, P=00FC, C=001E : 					BCTC  BI_PORT_IN0
L=0282, P=00FD, C=5003 : 					BTSC  SFR_STATUS_REG,SB_FLAG_C
L=0283, P=00FE, C=143D : 					INC   UART_RX_VAR
L=0284, P=00FF, C=0000 : 					NOP
L=0285, P=0100, C=0105 : 					CLR   SFR_TMR0_COUNT
L=0286, P=0101, C=0000 : 					NOP
L=0287, P=0102, C=0000 : 					NOP
L=0288, P=0103, C=0000 : 					NOP
L=0289, P=0104, C=0000 : 					NOP
L=0290, P=0105, C=0205 : RX_START_1:			MOV   SFR_TMR0_COUNT,A
L=0291, P=0106, C=0C25 : 					ADD   UART_RX_CNT,A
L=0292, P=0107, C=3905 : 					JNC   RX_START_1
L=0293, P=0108, C=001E : 					BCTC  BI_PORT_IN0
L=0294, P=0109, C=5003 : 					BTSC  SFR_STATUS_REG,SB_FLAG_C
L=0295, P=010A, C=143D : 					INC   UART_RX_VAR
L=0296, P=010B, C=5626 : 					BTSC  UART_RX_CTLR,6
L=0297, P=010C, C=7003 : 					CALL  DELAY_5NOP
L=0298, P=010D, C=0105 : 					CLR   SFR_TMR0_COUNT
L=0299, P=010E, C=0000 : 					NOP
L=0300, P=010F, C=0000 : 					NOP
L=0301, P=0110, C=0000 : 					NOP
L=0302, P=0111, C=0000 : 					NOP
L=0303, P=0112, C=0205 : RX_START_2:			MOV   SFR_TMR0_COUNT,A
L=0304, P=0113, C=0C25 : 					ADD   UART_RX_CNT,A
L=0305, P=0114, C=3912 : 					JNC   RX_START_2
L=0306, P=0115, C=001E : 					BCTC  BI_PORT_IN0
L=0307, P=0116, C=5003 : 					BTSC  SFR_STATUS_REG,SB_FLAG_C
L=0308, P=0117, C=143D : 					INC   UART_RX_VAR
L=0309, P=0118, C=5526 : 					BTSC  UART_RX_CTLR,5
L=0310, P=0119, C=7003 : 					CALL  DELAY_5NOP
L=0311, P=011A, C=0105 : 					CLR   SFR_TMR0_COUNT
L=0312, P=011B, C=513D : 					BTSC  UART_RX_VAR,1
L=0313, P=011C, C=60F2 : 					JMP   RX_WAIT
L=0314, P=011D, C=0000 : 					NOP
L=0315, P=011E, C=0000 : 					NOP
L=0316, P=011F, C=0205 : RX_START_3:			MOV   SFR_TMR0_COUNT,A
L=0317, P=0120, C=0C25 : 					ADD   UART_RX_CNT,A
L=0318, P=0121, C=391F : 					JNC   RX_START_3
L=0319, P=0122, C=023D : 					MOV   UART_RX_VAR,A
L=0320, P=0123, C=1F3D : 					RCR   UART_RX_VAR
L=0321, P=0124, C=1B3D : 					XOR   UART_RX_VAR
L=0322, P=0125, C=5426 : 					BTSC  UART_RX_CTLR,4
L=0323, P=0126, C=7003 : 					CALL  DELAY_5NOP
L=0324, P=0127, C=0105 : 					CLR   SFR_TMR0_COUNT
L=0325, P=0128, C=503D : 					BTSC  UART_RX_VAR,0
L=0326, P=0129, C=4A3E : 					BS    UART_RX_SR,2
L=0327, P=012A, C=013D : 					CLR   UART_RX_VAR
L=0328, P=012B, C=0000 : 					NOP
L=0329, P=012C, C=0205 : RX_BIT0_0:			MOV   SFR_TMR0_COUNT,A
L=0330, P=012D, C=0C25 : 					ADD   UART_RX_CNT,A
L=0331, P=012E, C=392C : 					JNC   RX_BIT0_0
L=0332, P=012F, C=0000 : 					NOP
L=0333, P=0130, C=001E : 					BCTC  BI_PORT_IN0
L=0334, P=0131, C=5003 : 					BTSC  SFR_STATUS_REG,SB_FLAG_C
L=0335, P=0132, C=143D : 					INC   UART_RX_VAR
L=0336, P=0133, C=0000 : 					NOP
L=0337, P=0134, C=0105 : 					CLR   SFR_TMR0_COUNT
L=0338, P=0135, C=0000 : 					NOP
L=0339, P=0136, C=0000 : 					NOP
L=0340, P=0137, C=0000 : 					NOP
L=0341, P=0138, C=0000 : 					NOP
L=0342, P=0139, C=0205 : RX_BIT0_1:			MOV   SFR_TMR0_COUNT,A
L=0343, P=013A, C=0C25 : 					ADD   UART_RX_CNT,A
L=0344, P=013B, C=3939 : 					JNC   RX_BIT0_1
L=0345, P=013C, C=001E : 					BCTC  BI_PORT_IN0
L=0346, P=013D, C=5003 : 					BTSC  SFR_STATUS_REG,SB_FLAG_C
L=0347, P=013E, C=143D : 					INC   UART_RX_VAR
L=0348, P=013F, C=5626 : 					BTSC  UART_RX_CTLR,6
L=0349, P=0140, C=7003 : 					CALL  DELAY_5NOP
L=0350, P=0141, C=0105 : 					CLR   SFR_TMR0_COUNT
L=0351, P=0142, C=0000 : 					NOP
L=0352, P=0143, C=0000 : 					NOP
L=0353, P=0144, C=0000 : 					NOP
L=0354, P=0145, C=0000 : 					NOP
L=0355, P=0146, C=0205 : RX_BIT0_2:			MOV   SFR_TMR0_COUNT,A
L=0356, P=0147, C=0C25 : 					ADD   UART_RX_CNT,A
L=0357, P=0148, C=3946 : 					JNC   RX_BIT0_2
L=0358, P=0149, C=001E : 					BCTC  BI_PORT_IN0
L=0359, P=014A, C=5003 : 					BTSC  SFR_STATUS_REG,SB_FLAG_C
L=0360, P=014B, C=143D : 					INC   UART_RX_VAR
L=0361, P=014C, C=5526 : 					BTSC  UART_RX_CTLR,5
L=0362, P=014D, C=7003 : 					CALL  DELAY_5NOP
L=0363, P=014E, C=0105 : 					CLR   SFR_TMR0_COUNT
L=0364, P=014F, C=513D : 					BTSC  UART_RX_VAR,1
L=0365, P=0150, C=481F : 					BS    SFR_DATA_EXCH,0
L=0366, P=0151, C=513D : 					BTSC  UART_RX_VAR,1
L=0367, P=0152, C=143C : 					INC   UART_RX_CHECK
L=0368, P=0153, C=0205 : RX_BIT0_3:			MOV   SFR_TMR0_COUNT,A
L=0369, P=0154, C=0C25 : 					ADD   UART_RX_CNT,A
L=0370, P=0155, C=3953 : 					JNC   RX_BIT0_3
L=0371, P=0156, C=023D : 					MOV   UART_RX_VAR,A
L=0372, P=0157, C=1F3D : 					RCR   UART_RX_VAR
L=0373, P=0158, C=1B3D : 					XOR   UART_RX_VAR
L=0374, P=0159, C=5426 : 					BTSC  UART_RX_CTLR,4
L=0375, P=015A, C=7003 : 					CALL  DELAY_5NOP
L=0376, P=015B, C=0105 : 					CLR   SFR_TMR0_COUNT
L=0377, P=015C, C=503D : 					BTSC  UART_RX_VAR,0
L=0378, P=015D, C=4A3E : 					BS    UART_RX_SR,2
L=0379, P=015E, C=013D : 					CLR   UART_RX_VAR
L=0380, P=015F, C=0000 : 					NOP
L=0381, P=0160, C=0205 : RX_BIT1_0:			MOV   SFR_TMR0_COUNT,A
L=0382, P=0161, C=0C25 : 					ADD   UART_RX_CNT,A
L=0383, P=0162, C=3960 : 					JNC   RX_BIT1_0
L=0384, P=0163, C=0000 : 					NOP
L=0385, P=0164, C=001E : 					BCTC  BI_PORT_IN0
L=0386, P=0165, C=5003 : 					BTSC  SFR_STATUS_REG,SB_FLAG_C
L=0387, P=0166, C=143D : 					INC   UART_RX_VAR
L=0388, P=0167, C=0000 : 					NOP
L=0389, P=0168, C=0105 : 					CLR   SFR_TMR0_COUNT
L=0390, P=0169, C=0000 : 					NOP
L=0391, P=016A, C=0000 : 					NOP
L=0392, P=016B, C=0000 : 					NOP
L=0393, P=016C, C=0000 : 					NOP
L=0394, P=016D, C=0205 : RX_BIT1_1:			MOV   SFR_TMR0_COUNT,A
L=0395, P=016E, C=0C25 : 					ADD   UART_RX_CNT,A
L=0396, P=016F, C=396D : 					JNC   RX_BIT1_1
L=0397, P=0170, C=001E : 					BCTC  BI_PORT_IN0
L=0398, P=0171, C=5003 : 					BTSC  SFR_STATUS_REG,SB_FLAG_C
L=0399, P=0172, C=143D : 					INC   UART_RX_VAR
L=0400, P=0173, C=5626 : 					BTSC  UART_RX_CTLR,6
L=0401, P=0174, C=7003 : 					CALL  DELAY_5NOP
L=0402, P=0175, C=0105 : 					CLR   SFR_TMR0_COUNT
L=0403, P=0176, C=0000 : 					NOP
L=0404, P=0177, C=0000 : 					NOP
L=0405, P=0178, C=0000 : 					NOP
L=0406, P=0179, C=0000 : 					NOP
L=0407, P=017A, C=0205 : RX_BIT1_2:			MOV   SFR_TMR0_COUNT,A
L=0408, P=017B, C=0C25 : 					ADD   UART_RX_CNT,A
L=0409, P=017C, C=397A : 					JNC   RX_BIT1_2
L=0410, P=017D, C=001E : 					BCTC  BI_PORT_IN0
L=0411, P=017E, C=5003 : 					BTSC  SFR_STATUS_REG,SB_FLAG_C
L=0412, P=017F, C=143D : 					INC   UART_RX_VAR
L=0413, P=0180, C=5526 : 					BTSC  UART_RX_CTLR,5
L=0414, P=0181, C=7003 : 					CALL  DELAY_5NOP
L=0415, P=0182, C=0105 : 					CLR   SFR_TMR0_COUNT
L=0416, P=0183, C=513D : 					BTSC  UART_RX_VAR,1
L=0417, P=0184, C=491F : 					BS    SFR_DATA_EXCH,1
L=0418, P=0185, C=513D : 					BTSC  UART_RX_VAR,1
L=0419, P=0186, C=143C : 					INC   UART_RX_CHECK
L=0420, P=0187, C=0205 : RX_BIT1_3:			MOV   SFR_TMR0_COUNT,A
L=0421, P=0188, C=0C25 : 					ADD   UART_RX_CNT,A
L=0422, P=0189, C=3987 : 					JNC   RX_BIT1_3
L=0423, P=018A, C=023D : 					MOV   UART_RX_VAR,A
L=0424, P=018B, C=1F3D : 					RCR   UART_RX_VAR
L=0425, P=018C, C=1B3D : 					XOR   UART_RX_VAR
L=0426, P=018D, C=5426 : 					BTSC  UART_RX_CTLR,4
L=0427, P=018E, C=7003 : 					CALL  DELAY_5NOP
L=0428, P=018F, C=0105 : 					CLR   SFR_TMR0_COUNT
L=0429, P=0190, C=503D : 					BTSC  UART_RX_VAR,0
L=0430, P=0191, C=4A3E : 					BS    UART_RX_SR,2
L=0431, P=0192, C=013D : 					CLR   UART_RX_VAR
L=0432, P=0193, C=0000 : 					NOP
L=0433, P=0194, C=0205 : RX_BIT2_0:			MOV   SFR_TMR0_COUNT,A
L=0434, P=0195, C=0C25 : 					ADD   UART_RX_CNT,A
L=0435, P=0196, C=3994 : 					JNC   RX_BIT2_0
L=0436, P=0197, C=0000 : 					NOP
L=0437, P=0198, C=001E : 					BCTC  BI_PORT_IN0
L=0438, P=0199, C=5003 : 					BTSC  SFR_STATUS_REG,SB_FLAG_C
L=0439, P=019A, C=143D : 					INC   UART_RX_VAR
L=0440, P=019B, C=0000 : 					NOP
L=0441, P=019C, C=0105 : 					CLR   SFR_TMR0_COUNT
L=0442, P=019D, C=0000 : 					NOP
L=0443, P=019E, C=0000 : 					NOP
L=0444, P=019F, C=0000 : 					NOP
L=0445, P=01A0, C=0000 : 					NOP
L=0446, P=01A1, C=0205 : RX_BIT2_1:			MOV   SFR_TMR0_COUNT,A
L=0447, P=01A2, C=0C25 : 					ADD   UART_RX_CNT,A
L=0448, P=01A3, C=39A1 : 					JNC   RX_BIT2_1
L=0449, P=01A4, C=001E : 					BCTC  BI_PORT_IN0
L=0450, P=01A5, C=5003 : 					BTSC  SFR_STATUS_REG,SB_FLAG_C
L=0451, P=01A6, C=143D : 					INC   UART_RX_VAR
L=0452, P=01A7, C=5626 : 					BTSC  UART_RX_CTLR,6
L=0453, P=01A8, C=7003 : 					CALL  DELAY_5NOP
L=0454, P=01A9, C=0105 : 					CLR   SFR_TMR0_COUNT
L=0455, P=01AA, C=0000 : 					NOP
L=0456, P=01AB, C=0000 : 					NOP
L=0457, P=01AC, C=0000 : 					NOP
L=0458, P=01AD, C=0000 : 					NOP
L=0459, P=01AE, C=0205 : RX_BIT2_2:			MOV   SFR_TMR0_COUNT,A
L=0460, P=01AF, C=0C25 : 					ADD   UART_RX_CNT,A
L=0461, P=01B0, C=39AE : 					JNC   RX_BIT2_2
L=0462, P=01B1, C=001E : 					BCTC  BI_PORT_IN0
L=0463, P=01B2, C=5003 : 					BTSC  SFR_STATUS_REG,SB_FLAG_C
L=0464, P=01B3, C=143D : 					INC   UART_RX_VAR
L=0465, P=01B4, C=5526 : 					BTSC  UART_RX_CTLR,5
L=0466, P=01B5, C=7003 : 					CALL  DELAY_5NOP
L=0467, P=01B6, C=0105 : 					CLR   SFR_TMR0_COUNT
L=0468, P=01B7, C=513D : 					BTSC  UART_RX_VAR,1
L=0469, P=01B8, C=4A1F : 					BS    SFR_DATA_EXCH,2
L=0470, P=01B9, C=513D : 					BTSC  UART_RX_VAR,1
L=0471, P=01BA, C=143C : 					INC   UART_RX_CHECK
L=0472, P=01BB, C=0205 : RX_BIT2_3:			MOV   SFR_TMR0_COUNT,A
L=0473, P=01BC, C=0C25 : 					ADD   UART_RX_CNT,A
L=0474, P=01BD, C=39BB : 					JNC   RX_BIT2_3
L=0475, P=01BE, C=023D : 					MOV   UART_RX_VAR,A
L=0476, P=01BF, C=1F3D : 					RCR   UART_RX_VAR
L=0477, P=01C0, C=1B3D : 					XOR   UART_RX_VAR
L=0478, P=01C1, C=5426 : 					BTSC  UART_RX_CTLR,4
L=0479, P=01C2, C=7003 : 					CALL  DELAY_5NOP
L=0480, P=01C3, C=0105 : 					CLR   SFR_TMR0_COUNT
L=0481, P=01C4, C=503D : 					BTSC  UART_RX_VAR,0
L=0482, P=01C5, C=4A3E : 					BS    UART_RX_SR,2
L=0483, P=01C6, C=013D : 					CLR   UART_RX_VAR
L=0484, P=01C7, C=0000 : 					NOP
L=0485, P=01C8, C=0205 : RX_BIT3_0:			MOV   SFR_TMR0_COUNT,A
L=0486, P=01C9, C=0C25 : 					ADD   UART_RX_CNT,A
L=0487, P=01CA, C=39C8 : 					JNC   RX_BIT3_0
L=0488, P=01CB, C=0000 : 					NOP
L=0489, P=01CC, C=001E : 					BCTC  BI_PORT_IN0
L=0490, P=01CD, C=5003 : 					BTSC  SFR_STATUS_REG,SB_FLAG_C
L=0491, P=01CE, C=143D : 					INC   UART_RX_VAR
L=0492, P=01CF, C=0000 : 					NOP
L=0493, P=01D0, C=0105 : 					CLR   SFR_TMR0_COUNT
L=0494, P=01D1, C=0000 : 					NOP
L=0495, P=01D2, C=0000 : 					NOP
L=0496, P=01D3, C=0000 : 					NOP
L=0497, P=01D4, C=0000 : 					NOP
L=0498, P=01D5, C=0205 : RX_BIT3_1:			MOV   SFR_TMR0_COUNT,A
L=0499, P=01D6, C=0C25 : 					ADD   UART_RX_CNT,A
L=0500, P=01D7, C=39D5 : 					JNC   RX_BIT3_1
L=0501, P=01D8, C=001E : 					BCTC  BI_PORT_IN0
L=0502, P=01D9, C=5003 : 					BTSC  SFR_STATUS_REG,SB_FLAG_C
L=0503, P=01DA, C=143D : 					INC   UART_RX_VAR
L=0504, P=01DB, C=5626 : 					BTSC  UART_RX_CTLR,6
L=0505, P=01DC, C=7003 : 					CALL  DELAY_5NOP
L=0506, P=01DD, C=0105 : 					CLR   SFR_TMR0_COUNT
L=0507, P=01DE, C=0000 : 					NOP
L=0508, P=01DF, C=0000 : 					NOP
L=0509, P=01E0, C=0000 : 					NOP
L=0510, P=01E1, C=0000 : 					NOP
L=0511, P=01E2, C=0205 : RX_BIT3_2:			MOV   SFR_TMR0_COUNT,A
L=0512, P=01E3, C=0C25 : 					ADD   UART_RX_CNT,A
L=0513, P=01E4, C=39E2 : 					JNC   RX_BIT3_2
L=0514, P=01E5, C=001E : 					BCTC  BI_PORT_IN0
L=0515, P=01E6, C=5003 : 					BTSC  SFR_STATUS_REG,SB_FLAG_C
L=0516, P=01E7, C=143D : 					INC   UART_RX_VAR
L=0517, P=01E8, C=5526 : 					BTSC  UART_RX_CTLR,5
L=0518, P=01E9, C=7003 : 					CALL  DELAY_5NOP
L=0519, P=01EA, C=0105 : 					CLR   SFR_TMR0_COUNT
L=0520, P=01EB, C=513D : 					BTSC  UART_RX_VAR,1
L=0521, P=01EC, C=4B1F : 					BS    SFR_DATA_EXCH,3
L=0522, P=01ED, C=513D : 					BTSC  UART_RX_VAR,1
L=0523, P=01EE, C=143C : 					INC   UART_RX_CHECK
L=0524, P=01EF, C=0205 : RX_BIT3_3:			MOV   SFR_TMR0_COUNT,A
L=0525, P=01F0, C=0C25 : 					ADD   UART_RX_CNT,A
L=0526, P=01F1, C=39EF : 					JNC   RX_BIT3_3
L=0527, P=01F2, C=023D : 					MOV   UART_RX_VAR,A
L=0528, P=01F3, C=1F3D : 					RCR   UART_RX_VAR
L=0529, P=01F4, C=1B3D : 					XOR   UART_RX_VAR
L=0530, P=01F5, C=5426 : 					BTSC  UART_RX_CTLR,4
L=0531, P=01F6, C=7003 : 					CALL  DELAY_5NOP
L=0532, P=01F7, C=0105 : 					CLR   SFR_TMR0_COUNT
L=0533, P=01F8, C=503D : 					BTSC  UART_RX_VAR,0
L=0534, P=01F9, C=4A3E : 					BS    UART_RX_SR,2
L=0535, P=01FA, C=013D : 					CLR   UART_RX_VAR
L=0536, P=01FB, C=0000 : 					NOP
L=0537, P=01FC, C=0205 : RX_BIT4_0:			MOV   SFR_TMR0_COUNT,A
L=0538, P=01FD, C=0C25 : 					ADD   UART_RX_CNT,A
L=0539, P=01FE, C=39FC : 					JNC   RX_BIT4_0
L=0540, P=01FF, C=0000 : 					NOP
L=0541, P=0200, C=001E : 					BCTC  BI_PORT_IN0
L=0542, P=0201, C=5003 : 					BTSC  SFR_STATUS_REG,SB_FLAG_C
L=0543, P=0202, C=143D : 					INC   UART_RX_VAR
L=0544, P=0203, C=0000 : 					NOP
L=0545, P=0204, C=0105 : 					CLR   SFR_TMR0_COUNT
L=0546, P=0205, C=0000 : 					NOP
L=0547, P=0206, C=0000 : 					NOP
L=0548, P=0207, C=0000 : 					NOP
L=0549, P=0208, C=0000 : 					NOP
L=0550, P=0209, C=0205 : RX_BIT4_1:			MOV   SFR_TMR0_COUNT,A
L=0551, P=020A, C=0C25 : 					ADD   UART_RX_CNT,A
L=0552, P=020B, C=3A09 : 					JNC   RX_BIT4_1
L=0553, P=020C, C=001E : 					BCTC  BI_PORT_IN0
L=0554, P=020D, C=5003 : 					BTSC  SFR_STATUS_REG,SB_FLAG_C
L=0555, P=020E, C=143D : 					INC   UART_RX_VAR
L=0556, P=020F, C=5626 : 					BTSC  UART_RX_CTLR,6
L=0557, P=0210, C=7003 : 					CALL  DELAY_5NOP
L=0558, P=0211, C=0105 : 					CLR   SFR_TMR0_COUNT
L=0559, P=0212, C=0000 : 					NOP
L=0560, P=0213, C=0000 : 					NOP
L=0561, P=0214, C=0000 : 					NOP
L=0562, P=0215, C=0000 : 					NOP
L=0563, P=0216, C=0205 : RX_BIT4_2:			MOV   SFR_TMR0_COUNT,A
L=0564, P=0217, C=0C25 : 					ADD   UART_RX_CNT,A
L=0565, P=0218, C=3A16 : 					JNC   RX_BIT4_2
L=0566, P=0219, C=001E : 					BCTC  BI_PORT_IN0
L=0567, P=021A, C=5003 : 					BTSC  SFR_STATUS_REG,SB_FLAG_C
L=0568, P=021B, C=143D : 					INC   UART_RX_VAR
L=0569, P=021C, C=5526 : 					BTSC  UART_RX_CTLR,5
L=0570, P=021D, C=7003 : 					CALL  DELAY_5NOP
L=0571, P=021E, C=0105 : 					CLR   SFR_TMR0_COUNT
L=0572, P=021F, C=513D : 					BTSC  UART_RX_VAR,1
L=0573, P=0220, C=4C1F : 					BS    SFR_DATA_EXCH,4
L=0574, P=0221, C=513D : 					BTSC  UART_RX_VAR,1
L=0575, P=0222, C=143C : 					INC   UART_RX_CHECK
L=0576, P=0223, C=0205 : RX_BIT4_3:			MOV   SFR_TMR0_COUNT,A
L=0577, P=0224, C=0C25 : 					ADD   UART_RX_CNT,A
L=0578, P=0225, C=3A23 : 					JNC   RX_BIT4_3
L=0579, P=0226, C=023D : 					MOV   UART_RX_VAR,A
L=0580, P=0227, C=1F3D : 					RCR   UART_RX_VAR
L=0581, P=0228, C=1B3D : 					XOR   UART_RX_VAR
L=0582, P=0229, C=5426 : 					BTSC  UART_RX_CTLR,4
L=0583, P=022A, C=7003 : 					CALL  DELAY_5NOP
L=0584, P=022B, C=0105 : 					CLR   SFR_TMR0_COUNT
L=0585, P=022C, C=503D : 					BTSC  UART_RX_VAR,0
L=0586, P=022D, C=4A3E : 					BS    UART_RX_SR,2
L=0587, P=022E, C=013D : 					CLR   UART_RX_VAR
L=0588, P=022F, C=0000 : 					NOP
L=0589, P=0230, C=0205 : RX_BIT5_0:			MOV   SFR_TMR0_COUNT,A
L=0590, P=0231, C=0C25 : 					ADD   UART_RX_CNT,A
L=0591, P=0232, C=3A30 : 					JNC   RX_BIT5_0
L=0592, P=0233, C=001E : 					BCTC  BI_PORT_IN0
L=0593, P=0234, C=5003 : 					BTSC  SFR_STATUS_REG,SB_FLAG_C
L=0594, P=0235, C=143D : 					INC   UART_RX_VAR
L=0595, P=0236, C=5527 : 					BTSC  UART_TX_RX_FLAG,5
L=0596, P=0237, C=62D4 : 					JMP   RX_CHECK
L=0597, P=0238, C=0105 : 					CLR   SFR_TMR0_COUNT
L=0598, P=0239, C=0000 : 					NOP
L=0599, P=023A, C=0000 : 					NOP
L=0600, P=023B, C=0000 : 					NOP
L=0601, P=023C, C=0000 : 					NOP
L=0602, P=023D, C=0205 : RX_BIT5_1:			MOV   SFR_TMR0_COUNT,A
L=0603, P=023E, C=0C25 : 					ADD   UART_RX_CNT,A
L=0604, P=023F, C=3A3D : 					JNC   RX_BIT5_1
L=0605, P=0240, C=001E : 					BCTC  BI_PORT_IN0
L=0606, P=0241, C=5003 : 					BTSC  SFR_STATUS_REG,SB_FLAG_C
L=0607, P=0242, C=143D : 					INC   UART_RX_VAR
L=0608, P=0243, C=5626 : 					BTSC  UART_RX_CTLR,6
L=0609, P=0244, C=7003 : 					CALL  DELAY_5NOP
L=0610, P=0245, C=0105 : 					CLR   SFR_TMR0_COUNT
L=0611, P=0246, C=0000 : 					NOP
L=0612, P=0247, C=0000 : 					NOP
L=0613, P=0248, C=0000 : 					NOP
L=0614, P=0249, C=0000 : 					NOP
L=0615, P=024A, C=0205 : RX_BIT5_2:			MOV   SFR_TMR0_COUNT,A
L=0616, P=024B, C=0C25 : 					ADD   UART_RX_CNT,A
L=0617, P=024C, C=3A4A : 					JNC   RX_BIT5_2
L=0618, P=024D, C=001E : 					BCTC  BI_PORT_IN0
L=0619, P=024E, C=5003 : 					BTSC  SFR_STATUS_REG,SB_FLAG_C
L=0620, P=024F, C=143D : 					INC   UART_RX_VAR
L=0621, P=0250, C=5526 : 					BTSC  UART_RX_CTLR,5
L=0622, P=0251, C=7003 : 					CALL  DELAY_5NOP
L=0623, P=0252, C=0105 : 					CLR   SFR_TMR0_COUNT
L=0624, P=0253, C=513D : 					BTSC  UART_RX_VAR,1
L=0625, P=0254, C=4D1F : 					BS    SFR_DATA_EXCH,5
L=0626, P=0255, C=513D : 					BTSC  UART_RX_VAR,1
L=0627, P=0256, C=143C : 					INC   UART_RX_CHECK
L=0628, P=0257, C=0205 : RX_BIT5_3:			MOV   SFR_TMR0_COUNT,A
L=0629, P=0258, C=0C25 : 					ADD   UART_RX_CNT,A
L=0630, P=0259, C=3A57 : 					JNC   RX_BIT5_3
L=0631, P=025A, C=023D : 					MOV   UART_RX_VAR,A
L=0632, P=025B, C=1F3D : 					RCR   UART_RX_VAR
L=0633, P=025C, C=1B3D : 					XOR   UART_RX_VAR
L=0634, P=025D, C=5426 : 					BTSC  UART_RX_CTLR,4
L=0635, P=025E, C=7003 : 					CALL  DELAY_5NOP
L=0636, P=025F, C=0105 : 					CLR   SFR_TMR0_COUNT
L=0637, P=0260, C=503D : 					BTSC  UART_RX_VAR,0
L=0638, P=0261, C=4A3E : 					BS    UART_RX_SR,2
L=0639, P=0262, C=013D : 					CLR   UART_RX_VAR
L=0640, P=0263, C=0000 : 					NOP
L=0641, P=0264, C=0205 : RX_BIT6_0:			MOV   SFR_TMR0_COUNT,A
L=0642, P=0265, C=0C25 : 					ADD   UART_RX_CNT,A
L=0643, P=0266, C=3A64 : 					JNC   RX_BIT6_0
L=0644, P=0267, C=001E : 					BCTC  BI_PORT_IN0
L=0645, P=0268, C=5003 : 					BTSC  SFR_STATUS_REG,SB_FLAG_C
L=0646, P=0269, C=143D : 					INC   UART_RX_VAR
L=0647, P=026A, C=5627 : 					BTSC  UART_TX_RX_FLAG,6
L=0648, P=026B, C=62D4 : 					JMP   RX_CHECK
L=0649, P=026C, C=0105 : 					CLR   SFR_TMR0_COUNT
L=0650, P=026D, C=0000 : 					NOP
L=0651, P=026E, C=0000 : 					NOP
L=0652, P=026F, C=0000 : 					NOP
L=0653, P=0270, C=0000 : 					NOP
L=0654, P=0271, C=0205 : RX_BIT6_1:			MOV   SFR_TMR0_COUNT,A
L=0655, P=0272, C=0C25 : 					ADD   UART_RX_CNT,A
L=0656, P=0273, C=3A71 : 					JNC   RX_BIT6_1
L=0657, P=0274, C=001E : 					BCTC  BI_PORT_IN0
L=0658, P=0275, C=5003 : 					BTSC  SFR_STATUS_REG,SB_FLAG_C
L=0659, P=0276, C=143D : 					INC   UART_RX_VAR
L=0660, P=0277, C=5626 : 					BTSC  UART_RX_CTLR,6
L=0661, P=0278, C=7003 : 					CALL  DELAY_5NOP
L=0662, P=0279, C=0105 : 					CLR   SFR_TMR0_COUNT
L=0663, P=027A, C=0000 : 					NOP
L=0664, P=027B, C=0000 : 					NOP
L=0665, P=027C, C=0000 : 					NOP
L=0666, P=027D, C=0000 : 					NOP
L=0667, P=027E, C=0205 : RX_BIT6_2:			MOV   SFR_TMR0_COUNT,A
L=0668, P=027F, C=0C25 : 					ADD   UART_RX_CNT,A
L=0669, P=0280, C=3A7E : 					JNC   RX_BIT6_2
L=0670, P=0281, C=001E : 					BCTC  BI_PORT_IN0
L=0671, P=0282, C=5003 : 					BTSC  SFR_STATUS_REG,SB_FLAG_C
L=0672, P=0283, C=143D : 					INC   UART_RX_VAR
L=0673, P=0284, C=5526 : 					BTSC  UART_RX_CTLR,5
L=0674, P=0285, C=7003 : 					CALL  DELAY_5NOP
L=0675, P=0286, C=0105 : 					CLR   SFR_TMR0_COUNT
L=0676, P=0287, C=513D : 					BTSC  UART_RX_VAR,1
L=0677, P=0288, C=4E1F : 					BS    SFR_DATA_EXCH,6
L=0678, P=0289, C=513D : 					BTSC  UART_RX_VAR,1
L=0679, P=028A, C=143C : 					INC   UART_RX_CHECK
L=0680, P=028B, C=0205 : RX_BIT6_3:			MOV   SFR_TMR0_COUNT,A
L=0681, P=028C, C=0C25 : 					ADD   UART_RX_CNT,A
L=0682, P=028D, C=3A8B : 					JNC   RX_BIT6_3
L=0683, P=028E, C=023D : 					MOV   UART_RX_VAR,A
L=0684, P=028F, C=1F3D : 					RCR   UART_RX_VAR
L=0685, P=0290, C=1B3D : 					XOR   UART_RX_VAR
L=0686, P=0291, C=5426 : 					BTSC  UART_RX_CTLR,4
L=0687, P=0292, C=7003 : 					CALL  DELAY_5NOP
L=0688, P=0293, C=0105 : 					CLR   SFR_TMR0_COUNT
L=0689, P=0294, C=503D : 					BTSC  UART_RX_VAR,0
L=0690, P=0295, C=4A3E : 					BS    UART_RX_SR,2
L=0691, P=0296, C=013D : 					CLR   UART_RX_VAR
L=0692, P=0297, C=0000 : 					NOP
L=0693, P=0298, C=0205 : RX_BIT7_0:			MOV   SFR_TMR0_COUNT,A
L=0694, P=0299, C=0C25 : 					ADD   UART_RX_CNT,A
L=0695, P=029A, C=3A98 : 					JNC   RX_BIT7_0
L=0696, P=029B, C=001E : 					BCTC  BI_PORT_IN0
L=0697, P=029C, C=5003 : 					BTSC  SFR_STATUS_REG,SB_FLAG_C
L=0698, P=029D, C=143D : 					INC   UART_RX_VAR
L=0699, P=029E, C=5727 : 					BTSC  UART_TX_RX_FLAG,7
L=0700, P=029F, C=62D4 : 					JMP   RX_CHECK
L=0701, P=02A0, C=0105 : 					CLR   SFR_TMR0_COUNT
L=0702, P=02A1, C=0000 : 					NOP
L=0703, P=02A2, C=0000 : 					NOP
L=0704, P=02A3, C=0000 : 					NOP
L=0705, P=02A4, C=0000 : 					NOP
L=0706, P=02A5, C=0205 : RX_BIT7_1:			MOV   SFR_TMR0_COUNT,A
L=0707, P=02A6, C=0C25 : 					ADD   UART_RX_CNT,A
L=0708, P=02A7, C=3AA5 : 					JNC   RX_BIT7_1
L=0709, P=02A8, C=001E : 					BCTC  BI_PORT_IN0
L=0710, P=02A9, C=5003 : 					BTSC  SFR_STATUS_REG,SB_FLAG_C
L=0711, P=02AA, C=143D : 					INC   UART_RX_VAR
L=0712, P=02AB, C=5626 : 					BTSC  UART_RX_CTLR,6
L=0713, P=02AC, C=7003 : 					CALL  DELAY_5NOP
L=0714, P=02AD, C=0105 : 					CLR   SFR_TMR0_COUNT
L=0715, P=02AE, C=0000 : 					NOP
L=0716, P=02AF, C=0000 : 					NOP
L=0717, P=02B0, C=0000 : 					NOP
L=0718, P=02B1, C=0000 : 					NOP
L=0719, P=02B2, C=0205 : RX_BIT7_2:			MOV   SFR_TMR0_COUNT,A
L=0720, P=02B3, C=0C25 : 					ADD   UART_RX_CNT,A
L=0721, P=02B4, C=3AB2 : 					JNC   RX_BIT7_2
L=0722, P=02B5, C=001E : 					BCTC  BI_PORT_IN0
L=0723, P=02B6, C=5003 : 					BTSC  SFR_STATUS_REG,SB_FLAG_C
L=0724, P=02B7, C=143D : 					INC   UART_RX_VAR
L=0725, P=02B8, C=5526 : 					BTSC  UART_RX_CTLR,5
L=0726, P=02B9, C=7003 : 					CALL  DELAY_5NOP
L=0727, P=02BA, C=0105 : 					CLR   SFR_TMR0_COUNT
L=0728, P=02BB, C=513D : 					BTSC  UART_RX_VAR,1
L=0729, P=02BC, C=4F1F : 					BS    SFR_DATA_EXCH,7
L=0730, P=02BD, C=513D : 					BTSC  UART_RX_VAR,1
L=0731, P=02BE, C=143C : 					INC   UART_RX_CHECK
L=0732, P=02BF, C=0205 : RX_BIT7_3:			MOV   SFR_TMR0_COUNT,A
L=0733, P=02C0, C=0C25 : 					ADD   UART_RX_CNT,A
L=0734, P=02C1, C=3ABF : 					JNC   RX_BIT7_3
L=0735, P=02C2, C=023D : 					MOV   UART_RX_VAR,A
L=0736, P=02C3, C=1F3D : 					RCR   UART_RX_VAR
L=0737, P=02C4, C=1B3D : 					XOR   UART_RX_VAR
L=0738, P=02C5, C=5426 : 					BTSC  UART_RX_CTLR,4
L=0739, P=02C6, C=7003 : 					CALL  DELAY_5NOP
L=0740, P=02C7, C=0105 : 					CLR   SFR_TMR0_COUNT
L=0741, P=02C8, C=503D : 					BTSC  UART_RX_VAR,0
L=0742, P=02C9, C=4A3E : 					BS    UART_RX_SR,2
L=0743, P=02CA, C=013D : 					CLR   UART_RX_VAR
L=0744, P=02CB, C=0000 : 					NOP
L=0745, P=02CC, C=0205 : RX_CHECK_0:			MOV   SFR_TMR0_COUNT,A
L=0746, P=02CD, C=0C25 : 					ADD   UART_RX_CNT,A
L=0747, P=02CE, C=3ACC : 					JNC   RX_CHECK_0
L=0748, P=02CF, C=0000 : 					NOP
L=0749, P=02D0, C=001E : 					BCTC  BI_PORT_IN0
L=0750, P=02D1, C=5003 : 					BTSC  SFR_STATUS_REG,SB_FLAG_C
L=0751, P=02D2, C=143D : 					INC   UART_RX_VAR
L=0752, P=02D3, C=0000 : 					NOP
L=0753, P=02D4, C=0105 : RX_CHECK:			CLR   SFR_TMR0_COUNT
L=0754, P=02D5, C=5926 : 					BTSS  UART_RX_CTLR,1
L=0755, P=02D6, C=630C : 					JMP   RX_STOP
L=0756, P=02D7, C=0000 : 					NOP
L=0757, P=02D8, C=0000 : 					NOP
L=0758, P=02D9, C=0205 : RX_CHECK_1:			MOV   SFR_TMR0_COUNT,A
L=0759, P=02DA, C=0C25 : 					ADD   UART_RX_CNT,A
L=0760, P=02DB, C=3AD9 : 					JNC   RX_CHECK_1
L=0761, P=02DC, C=001E : 					BCTC  BI_PORT_IN0
L=0762, P=02DD, C=5003 : 					BTSC  SFR_STATUS_REG,SB_FLAG_C
L=0763, P=02DE, C=143D : 					INC   UART_RX_VAR
L=0764, P=02DF, C=5626 : 					BTSC  UART_RX_CTLR,6
L=0765, P=02E0, C=7003 : 					CALL  DELAY_5NOP
L=0766, P=02E1, C=0105 : 					CLR   SFR_TMR0_COUNT
L=0767, P=02E2, C=5427 : 					BTSC  UART_TX_RX_FLAG,4
L=0768, P=02E3, C=013C : 					CLR   UART_RX_CHECK
L=0769, P=02E4, C=0000 : 					NOP
L=0770, P=02E5, C=0000 : 					NOP
L=0771, P=02E6, C=0205 : RX_CHECK_2:			MOV   SFR_TMR0_COUNT,A
L=0772, P=02E7, C=0C25 : 					ADD   UART_RX_CNT,A
L=0773, P=02E8, C=3AE6 : 					JNC   RX_CHECK_2
L=0774, P=02E9, C=001E : 					BCTC  BI_PORT_IN0
L=0775, P=02EA, C=5003 : 					BTSC  SFR_STATUS_REG,SB_FLAG_C
L=0776, P=02EB, C=143D : 					INC   UART_RX_VAR
L=0777, P=02EC, C=5526 : 					BTSC  UART_RX_CTLR,5
L=0778, P=02ED, C=7003 : 					CALL  DELAY_5NOP
L=0779, P=02EE, C=0105 : 					CLR   SFR_TMR0_COUNT
L=0780, P=02EF, C=513D : 					BTSC  UART_RX_VAR,1
L=0781, P=02F0, C=143C : 					INC   UART_RX_CHECK
L=0782, P=02F1, C=0226 : 					MOV   UART_RX_CTLR,A
L=0783, P=02F2, C=1B3C : 					XOR   UART_RX_CHECK
L=0784, P=02F3, C=0205 : RX_CHECK_3:			MOV   SFR_TMR0_COUNT,A
L=0785, P=02F4, C=0C25 : 					ADD   UART_RX_CNT,A
L=0786, P=02F5, C=3AF3 : 					JNC   RX_CHECK_3
L=0787, P=02F6, C=023D : 					MOV   UART_RX_VAR,A
L=0788, P=02F7, C=1F3D : 					RCR   UART_RX_VAR
L=0789, P=02F8, C=1B3D : 					XOR   UART_RX_VAR
L=0790, P=02F9, C=5426 : 					BTSC  UART_RX_CTLR,4
L=0791, P=02FA, C=7003 : 					CALL  DELAY_5NOP
L=0792, P=02FB, C=0105 : 					CLR   SFR_TMR0_COUNT
L=0793, P=02FC, C=503D : 					BTSC  UART_RX_VAR,0
L=0794, P=02FD, C=4A3E : 					BS    UART_RX_SR,2
L=0795, P=02FE, C=013D : 					CLR   UART_RX_VAR
L=0796, P=02FF, C=0000 : 					NOP
L=0797, P=0300, C=0205 : RX_STOP_0:			MOV   SFR_TMR0_COUNT,A
L=0798, P=0301, C=0C25 : 					ADD   UART_RX_CNT,A
L=0799, P=0302, C=3B00 : 					JNC   RX_STOP_0
L=0800, P=0303, C=0000 : 					NOP
L=0801, P=0304, C=001E : 					BCTC  BI_PORT_IN0
L=0802, P=0305, C=5003 : 					BTSC  SFR_STATUS_REG,SB_FLAG_C
L=0803, P=0306, C=143D : 					INC   UART_RX_VAR
L=0804, P=0307, C=0000 : 					NOP
L=0805, P=0308, C=0105 : 					CLR   SFR_TMR0_COUNT
L=0806, P=0309, C=503C : 					BTSC  UART_RX_CHECK,0
L=0807, P=030A, C=483E : 					BS    UART_RX_SR,0
L=0808, P=030B, C=0000 : 					NOP
L=0809, P=030C, C=0000 : RX_STOP:			NOP
L=0810, P=030D, C=0205 : RX_STOP_1:			MOV   SFR_TMR0_COUNT,A
L=0811, P=030E, C=0C25 : 					ADD   UART_RX_CNT,A
L=0812, P=030F, C=3B0D : 					JNC   RX_STOP_1
L=0813, P=0310, C=001E : 					BCTC  BI_PORT_IN0
L=0814, P=0311, C=5003 : 					BTSC  SFR_STATUS_REG,SB_FLAG_C
L=0815, P=0312, C=143D : 					INC   UART_RX_VAR
L=0816, P=0313, C=5626 : 					BTSC  UART_RX_CTLR,6
L=0817, P=0314, C=7003 : 					CALL  DELAY_5NOP
L=0818, P=0315, C=0105 : 					CLR   SFR_TMR0_COUNT
L=0819, P=0316, C=5726 : 					BTSC  UART_RX_CTLR,7
L=0820, P=0317, C=631D : 					JMP   RX_STOP_3
L=0821, P=0318, C=0000 : 					NOP
L=0822, P=0319, C=0000 : 					NOP
L=0823, P=031A, C=0205 : RX_STOP_2:			MOV   SFR_TMR0_COUNT,A
L=0824, P=031B, C=0C25 : 					ADD   UART_RX_CNT,A
L=0825, P=031C, C=3B1A : 					JNC   RX_STOP_2
L=0826, P=031D, C=001E : RX_STOP_3:			BCTC  BI_PORT_IN0
L=0827, P=031E, C=5003 : 					BTSC  SFR_STATUS_REG,SB_FLAG_C
L=0828, P=031F, C=143D : 					INC   UART_RX_VAR
L=0829, P=0320, C=593D : 					BTSS  UART_RX_VAR,1
L=0830, P=0321, C=493E : 					BS    UART_RX_SR,1
L=0831, P=0322, C=023D : 					MOV   UART_RX_VAR,A
L=0832, P=0323, C=1F3D : 					RCR   UART_RX_VAR
L=0833, P=0324, C=1B3D : 					XOR   UART_RX_VAR
L=0834, P=0325, C=503D : 					BTSC  UART_RX_VAR,0
L=0835, P=0326, C=4A3E : 					BS    UART_RX_SR,2
L=0836, P=0327, C=021F : 					MOV   SFR_DATA_EXCH,A
L=0837, P=0328, C=103F : 					MOVA  UART_RX_DATA
L=0838, P=0329, C=4F1C : 					BS    SFR_SYS_CFG,SB_INT_REQ
L=0839, P=032A, C=60F2 : 					JMP   RX_WAIT
L=0840, ......, D=0000 : ;
L=0841, ......, D=0000 : ;
L=0842, P=032B, C=0000 : MCU_START:			NOP
L=0843, P=032C, C=0000 : 					NOP
L=0844, P=032D, C=490B : 					BS    SFR_PORT_IO,SB_PORT_OUT1
L=0845, P=032E, C=480B : 					BS    SFR_PORT_IO,SB_PORT_OUT0
L=0846, P=032F, C=2302 : 					MOVA1F  0B00000010
L=0847, P=0330, C=0014 : 					WAITB  WB_DATA_MW_SR_1
L=0848, P=0331, C=2808 : 					MOVL  0X08
L=0849, P=0332, C=103B : 					MOVA  UART_TX_I
L=0850, P=0333, C=013E : 					CLR   UART_RX_SR
L=0851, P=0334, C=2428 : 					MOVIA SFR_DATA_REG8
L=0852, P=0335, C=5027 : 					BTSC  UART_TX_RX_FLAG,0
L=0853, P=0336, C=6005 : 					JMP   UART_TX
L=0854, P=0337, C=60ED : 					JMP   UART_RX
L=0855, P=0338, C=632B : 					JMP   MCU_START
L=0856, ......, D=0000 : ;
L=0857, P=0339, .END.. : END

Label = 215 -------------------------------------------------------------------
......name....................value.....type....
.. BIO_FLAG_C                  .. 0000 .. unused
.. BI_BIT_RX_I0                .. 0001 .. unused
.. BI_C_XOR_IN0                .. 0000 .. unused
.. BI_PORT_IN0                 .. 0002 .. normal
.. BI_PORT_IN1                 .. 0003 .. normal
.. BO_BIT_TX_O0                .. 0001 .. unused
.. BO_PORT_OUT0                .. 0002 .. unused
.. BO_PORT_OUT1                .. 0003 .. normal
.. DELAY_5NOP                  .. 0003 .. normal
.. MCU_START                   .. 032B .. normal
.. RX_BIT0_0                   .. 012C .. normal
.. RX_BIT0_1                   .. 0139 .. normal
.. RX_BIT0_2                   .. 0146 .. normal
.. RX_BIT0_3                   .. 0153 .. normal
.. RX_BIT1_0                   .. 0160 .. normal
.. RX_BIT1_1                   .. 016D .. normal
.. RX_BIT1_2                   .. 017A .. normal
.. RX_BIT1_3                   .. 0187 .. normal
.. RX_BIT2_0                   .. 0194 .. normal
.. RX_BIT2_1                   .. 01A1 .. normal
.. RX_BIT2_2                   .. 01AE .. normal
.. RX_BIT2_3                   .. 01BB .. normal
.. RX_BIT3_0                   .. 01C8 .. normal
.. RX_BIT3_1                   .. 01D5 .. normal
.. RX_BIT3_2                   .. 01E2 .. normal
.. RX_BIT3_3                   .. 01EF .. normal
.. RX_BIT4_0                   .. 01FC .. normal
.. RX_BIT4_1                   .. 0209 .. normal
.. RX_BIT4_2                   .. 0216 .. normal
.. RX_BIT4_3                   .. 0223 .. normal
.. RX_BIT5_0                   .. 0230 .. normal
.. RX_BIT5_1                   .. 023D .. normal
.. RX_BIT5_2                   .. 024A .. normal
.. RX_BIT5_3                   .. 0257 .. normal
.. RX_BIT6_0                   .. 0264 .. normal
.. RX_BIT6_1                   .. 0271 .. normal
.. RX_BIT6_2                   .. 027E .. normal
.. RX_BIT6_3                   .. 028B .. normal
.. RX_BIT7_0                   .. 0298 .. normal
.. RX_BIT7_1                   .. 02A5 .. normal
.. RX_BIT7_2                   .. 02B2 .. normal
.. RX_BIT7_3                   .. 02BF .. normal
.. RX_CHECK                    .. 02D4 .. normal
.. RX_CHECK_0                  .. 02CC .. normal
.. RX_CHECK_1                  .. 02D9 .. normal
.. RX_CHECK_2                  .. 02E6 .. normal
.. RX_CHECK_3                  .. 02F3 .. normal
.. RX_START_0                  .. 00F9 .. normal
.. RX_START_1                  .. 0105 .. normal
.. RX_START_2                  .. 0112 .. normal
.. RX_START_3                  .. 011F .. normal
.. RX_STOP                     .. 030C .. normal
.. RX_STOP_0                   .. 0300 .. normal
.. RX_STOP_1                   .. 030D .. normal
.. RX_STOP_2                   .. 031A .. normal
.. RX_STOP_3                   .. 031D .. normal
.. RX_WAIT                     .. 00F2 .. normal
.. SB_BIT_CODE_MOD             .. 0006 .. unused
.. SB_BIT_CYCLE_0              .. 0000 .. unused
.. SB_BIT_CYCLE_1              .. 0001 .. unused
.. SB_BIT_CYCLE_2              .. 0002 .. unused
.. SB_BIT_CYCLE_3              .. 0003 .. unused
.. SB_BIT_CYCLE_4              .. 0004 .. unused
.. SB_BIT_CYCLE_5              .. 0005 .. unused
.. SB_BIT_CYCLE_6              .. 0006 .. unused
.. SB_BIT_CYC_CNT3             .. 0000 .. unused
.. SB_BIT_CYC_CNT4             .. 0001 .. unused
.. SB_BIT_CYC_CNT5             .. 0002 .. unused
.. SB_BIT_CYC_CNT6             .. 0003 .. unused
.. SB_BIT_CYC_TAIL             .. 0004 .. unused
.. SB_BIT_RX_I0                .. 0006 .. unused
.. SB_BIT_TX_EN                .. 0007 .. unused
.. SB_BIT_TX_O0                .. 0007 .. unused
.. SB_DATA_MW_SR               .. 0005 .. unused
.. SB_DATA_SW_MR               .. 0006 .. unused
.. SB_EN_LEVEL0                .. 0006 .. unused
.. SB_EN_LEVEL1                .. 0007 .. unused
.. SB_EN_TOUT_RST              .. 0005 .. unused
.. SB_FLAG_C                   .. 0000 .. normal
.. SB_FLAG_Z                   .. 0002 .. normal
.. SB_GP_BIT_X                 .. 0001 .. unused
.. SB_GP_BIT_Y                 .. 0003 .. unused
.. SB_INT_REQ                  .. 0007 .. normal
.. SB_MST_CFG_B4               .. 0004 .. unused
.. SB_MST_CLK_GATE             .. 0000 .. unused
.. SB_MST_IO_EN0               .. 0002 .. unused
.. SB_MST_IO_EN1               .. 0003 .. unused
.. SB_MST_RESET                .. 0001 .. unused
.. SB_PORT_DIR0                .. 0000 .. unused
.. SB_PORT_DIR1                .. 0001 .. unused
.. SB_PORT_IN0                 .. 0004 .. unused
.. SB_PORT_IN1                 .. 0005 .. unused
.. SB_PORT_IN_EDGE             .. 0005 .. unused
.. SB_PORT_IN_XOR              .. 0007 .. unused
.. SB_PORT_MOD0                .. 0004 .. unused
.. SB_PORT_MOD1                .. 0005 .. unused
.. SB_PORT_MOD2                .. 0006 .. unused
.. SB_PORT_MOD3                .. 0007 .. unused
.. SB_PORT_OUT0                .. 0000 .. normal
.. SB_PORT_OUT1                .. 0001 .. normal
.. SB_PORT_PU0                 .. 0002 .. unused
.. SB_PORT_PU1                 .. 0003 .. unused
.. SB_PORT_XOR0                .. 0002 .. unused
.. SB_PORT_XOR1                .. 0003 .. unused
.. SB_STACK_USED               .. 0004 .. unused
.. SB_TMR0_ENABLE              .. 0005 .. unused
.. SB_TMR0_FREQ0               .. 0000 .. unused
.. SB_TMR0_FREQ1               .. 0001 .. unused
.. SB_TMR0_FREQ2               .. 0002 .. unused
.. SB_TMR0_MODE                .. 0003 .. unused
.. SB_TMR0_OUT_EN              .. 0004 .. unused
.. SFR_BIT_CONFIG              .. 000C .. unused
.. SFR_BIT_CYCLE               .. 0008 .. unused
.. SFR_CTRL_RD                 .. 001D .. unused
.. SFR_CTRL_WR                 .. 001E .. unused
.. SFR_DATA_EXCH               .. 001F .. normal
.. SFR_DATA_REG0               .. 0020 .. normal
.. SFR_DATA_REG1               .. 0021 .. normal
.. SFR_DATA_REG10              .. 002A .. unused
.. SFR_DATA_REG11              .. 002B .. unused
.. SFR_DATA_REG12              .. 002C .. unused
.. SFR_DATA_REG13              .. 002D .. unused
.. SFR_DATA_REG14              .. 002E .. unused
.. SFR_DATA_REG15              .. 002F .. unused
.. SFR_DATA_REG16              .. 0030 .. unused
.. SFR_DATA_REG17              .. 0031 .. unused
.. SFR_DATA_REG18              .. 0032 .. unused
.. SFR_DATA_REG19              .. 0033 .. unused
.. SFR_DATA_REG2               .. 0022 .. normal
.. SFR_DATA_REG20              .. 0034 .. unused
.. SFR_DATA_REG21              .. 0035 .. unused
.. SFR_DATA_REG22              .. 0036 .. unused
.. SFR_DATA_REG23              .. 0037 .. unused
.. SFR_DATA_REG24              .. 0038 .. normal
.. SFR_DATA_REG25              .. 0039 .. normal
.. SFR_DATA_REG26              .. 003A .. normal
.. SFR_DATA_REG27              .. 003B .. normal
.. SFR_DATA_REG28              .. 003C .. normal
.. SFR_DATA_REG29              .. 003D .. normal
.. SFR_DATA_REG3               .. 0023 .. normal
.. SFR_DATA_REG30              .. 003E .. normal
.. SFR_DATA_REG31              .. 003F .. normal
.. SFR_DATA_REG4               .. 0024 .. normal
.. SFR_DATA_REG5               .. 0025 .. normal
.. SFR_DATA_REG6               .. 0026 .. normal
.. SFR_DATA_REG7               .. 0027 .. normal
.. SFR_DATA_REG8               .. 0028 .. normal
.. SFR_DATA_REG9               .. 0029 .. unused
.. SFR_INDIR_ADDR              .. 0004 .. unused
.. SFR_INDIR_ADDR2             .. 0009 .. unused
.. SFR_INDIR_PORT              .. 0000 .. unused
.. SFR_INDIR_PORT2             .. 0001 .. normal
.. SFR_PORT_DIR                .. 000A .. unused
.. SFR_PORT_IO                 .. 000B .. normal
.. SFR_PRG_COUNT               .. 0002 .. unused
.. SFR_STATUS_REG              .. 0003 .. normal
.. SFR_SYS_CFG                 .. 001C .. normal
.. SFR_TIMER_CTRL              .. 0006 .. normal
.. SFR_TMR0_COUNT              .. 0005 .. normal
.. SFR_TMR0_INIT               .. 0007 .. normal
.. TX_BIT0                     .. 001B .. normal
.. TX_BIT1                     .. 0027 .. normal
.. TX_BIT2                     .. 0033 .. normal
.. TX_BIT3                     .. 003F .. normal
.. TX_BIT4                     .. 004F .. normal
.. TX_BIT5                     .. 005F .. normal
.. TX_BIT6                     .. 006F .. normal
.. TX_BIT7                     .. 008B .. normal
.. TX_BIT_LEN                  .. 007B .. normal
.. TX_CHECK                    .. 0093 .. normal
.. TX_CHECK_0                  .. 008A .. normal
.. TX_CHECK_NONE               .. 0099 .. normal
.. TX_NEXT                     .. 0009 .. normal
.. TX_NOR_REQ                  .. 00A9 .. normal
.. TX_START                    .. 000F .. normal
.. TX_STOP                     .. 00AB .. normal
.. TX_STOP1                    .. 00B2 .. normal
.. TX_STOP1_1                  .. 00B8 .. normal
.. TX_STOP1_2                  .. 00BC .. normal
.. TX_STOP2                    .. 00C0 .. normal
.. TX_STOP2_1                  .. 00C6 .. normal
.. TX_STOP2_2                  .. 00CA .. normal
.. TX_STOP_FINAL               .. 00CC .. normal
.. TX_STOP_FINAL1              .. 00D3 .. normal
.. TX_STOP_FINAL1_1            .. 00D9 .. normal
.. TX_STOP_FINAL1_2            .. 00DD .. normal
.. TX_STOP_FINAL2              .. 00E1 .. normal
.. TX_STOP_FINAL2_1            .. 00E7 .. normal
.. TX_STOP_FINAL2_2            .. 00EB .. normal
.. UART_RX                     .. 00ED .. normal
.. UART_RX_CHECK               .. 003C .. normal
.. UART_RX_CNT                 .. 0025 .. normal
.. UART_RX_CTLR                .. 0026 .. normal
.. UART_RX_DATA                .. 003F .. normal
.. UART_RX_FREQ                .. 0024 .. normal
.. UART_RX_SR                  .. 003E .. normal
.. UART_RX_VAR                 .. 003D .. normal
.. UART_TX                     .. 0005 .. normal
.. UART_TX_CHECK               .. 003A .. normal
.. UART_TX_CNT                 .. 0021 .. normal
.. UART_TX_CTRL                .. 0023 .. normal
.. UART_TX_FREQ                .. 0020 .. normal
.. UART_TX_HALF_CNT            .. 0022 .. normal
.. UART_TX_I                   .. 003B .. normal
.. UART_TX_RX_FLAG             .. 0027 .. normal
.. VAR_SIZE_H                  .. 0039 .. normal
.. VAR_SIZE_L                  .. 0038 .. normal
.. WB_BIT_CYC_TAIL_1           .. 0001 .. unused
.. WB_DATA_MW_SR_1             .. 0004 .. normal
.. WB_DATA_SW_MR_0             .. 0000 .. unused
.. WB_PORT_I0_FALL             .. 0002 .. unused
.. WB_PORT_I0_RISE             .. 0003 .. unused
.. WB_PORT_XOR0_0              .. 0006 .. normal
.. WB_PORT_XOR0_1              .. 0007 .. normal
.. WB_PORT_XOR1_1              .. 0005 .. unused

End = 0339H -------------------------------------------------------------------
Total_Info: 00, Total_Warning: 00, Total_Error: 00
